D/MQTT    ( 5130): logging.c(325) log__vprintf: Received PINGREQ from mosq-zPPbdjAYU6NiA0RNJn
D/MQTT    ( 5130): logging.c(325) log__vprintf: Sending PINGRESP to mosq-zPPbdjAYU6NiA0RNJn
V/MQTT    ( 5130): logging.c(325) log__vprintf: New connection from 192.168.0.111 on port 8883.
I/MQTT    ( 5130): logging.c(325) log__vprintf: Emitting Signal
V/MQTT    ( 5130): logging.c(325) log__vprintf: New client connected from 192.168.0.111 as cs-mqtt-client_2068602178 (p2, c1, k120, u'61646d69-6e44-6576-6963-234231423444').
D/MQTT    ( 5130): logging.c(325) log__vprintf: No will message specified.
I/MQTT    ( 5130): logging.c(325) log__vprintf: Emitting Signal
D/MQTT    ( 5130): logging.c(325) log__vprintf: Sending CONNACK to cs-mqtt-client_2068602178 (0, 0)
I/MQTT    ( 5113): st-broker-handler.c: on_preconnect(418) > on_pre_connect callback
I/MQTT    ( 5113): st-broker-handler.c: on_connect(396) > on_connect callback
D/MQTT    ( 5130): logging.c(325) log__vprintf: Received SUBSCRIBE from cs-mqtt-client_2068602178
D/MQTT    ( 5130): logging.c(325) log__vprintf: 	/v1/cs/request/B827EB62-1721-1111-1111-111111111111 (QoS 1)
I/MQTT    ( 5130): logging.c(325) log__vprintf: Emitting Signal
D/MQTT    ( 5130): logging.c(325) log__vprintf: Sending SUBACK to cs-mqtt-client_2068602178
I/MQTT    ( 5113): st-broker-handler.c: on_subscribe(360) > on_subscribe callback
D/MQTT    ( 5130): logging.c(325) log__vprintf: Received SUBSCRIBE from cs-mqtt-client_2068602178
D/MQTT    ( 5130): logging.c(325) log__vprintf: 	/v1/cs/response/B827EB62-1721-1111-1111-111111111111 (QoS 1)
I/MQTT    ( 5130): logging.c(325) log__vprintf: Emitting Signal
D/MQTT    ( 5130): logging.c(325) log__vprintf: Sending SUBACK to cs-mqtt-client_2068602178
I/MQTT    ( 5113): st-broker-handler.c: on_subscribe(360) > on_subscribe callback
D/MQTT    ( 5130): logging.c(325) log__vprintf: Received PUBLISH from cs-mqtt-client_2068602178 (d0, q1, r0, m4, '/v1/cs/hub/info', ... (218 bytes))
I/MQTT    ( 5130): logging.c(325) log__vprintf: Emitting Signal
D/MQTT    ( 5130): logging.c(325) log__vprintf: Sending PUBACK to cs-mqtt-client_2068602178 (m4, rc0)
I/MQTT    ( 5113): st-broker-handler.c: on_publish(196) > on_publish callback start
D/MQTT    ( 5130): logging.c(325) log__vprintf: Received PUBLISH from cs-mqtt-client_2068602178 (d0, q1, r0, m5, '/v1/cs/request/B827EB62-1721-1111-1111-111111111111', ... (166 bytes))
I/MQTT    ( 5130): logging.c(325) log__vprintf: Emitting Signal
D/MQTT    ( 5130): logging.c(325) log__vprintf: Sending PUBACK to cs-mqtt-client_2068602178 (m5, rc0)
D/MQTT    ( 5130): logging.c(325) log__vprintf: Sending PUBLISH to cs-mqtt-client_2068602178 (d0, q1, r0, m1, '/v1/cs/request/B827EB62-1721-1111-1111-111111111111', ... (166 bytes))
I/MQTT    ( 5113): st-broker-handler.c: on_publish(196) > on_publish callback start
D/MQTT    ( 5130): logging.c(325) log__vprintf: Received PUBACK from cs-mqtt-client_2068602178 (Mid: 1, RC:0)
D/MQTT    ( 5130): logging.c(325) log__vprintf: Received PUBLISH from cs-mqtt-client_2068602178 (d0, q1, r0, m6, '/v1/cs/response/B827EB62-1721-1111-1111-111111111111', ... (197 bytes))
I/MQTT    ( 5130): logging.c(325) log__vprintf: Emitting Signal
D/MQTT    ( 5130): logging.c(325) log__vprintf: Sending PUBACK to cs-mqtt-client_2068602178 (m6, rc0)
D/MQTT    ( 5130): logging.c(325) log__vprintf: Sending PUBLISH to cs-mqtt-client_2068602178 (d0, q1, r0, m2, '/v1/cs/response/B827EB62-1721-1111-1111-111111111111', ... (197 bytes))
I/MQTT    ( 5113): st-broker-handler.c: on_publish(196) > on_publish callback start
D/MQTT    ( 5130): logging.c(325) log__vprintf: Received PUBACK from cs-mqtt-client_2068602178 (Mid: 2, RC:0)
D/MQTT    ( 5130): logging.c(325) log__vprintf: Received PUBLISH from cs-mqtt-client_2068602178 (d0, q1, r0, m7, '/v1/cs/hub/info', ... (218 bytes))
I/MQTT    ( 5130): logging.c(325) log__vprintf: Emitting Signal
D/MQTT    ( 5130): logging.c(325) log__vprintf: Sending PUBACK to cs-mqtt-client_2068602178 (m7, rc0)
I/MQTT    ( 5113): st-broker-handler.c: on_publish(196) > on_publish callback start
D/MQTT    ( 5130): logging.c(325) log__vprintf: Received PUBLISH from cs-mqtt-client_2068602178 (d0, q1, r0, m8, '/v1/cs/hub/info', ... (218 bytes))
I/MQTT    ( 5130): logging.c(325) log__vprintf: Emitting Signal
D/MQTT    ( 5130): logging.c(325) log__vprintf: Sending PUBACK to cs-mqtt-client_2068602178 (m8, rc0)
I/MQTT    ( 5113): st-broker-handler.c: on_publish(196) > on_publish callback start
D/MQTT    ( 5130): logging.c(325) log__vprintf: Received PUBLISH from cs-mqtt-client_2068602178 (d0, q1, r0, m9, '/v1/cs/hub/info', ... (218 bytes))
I/MQTT    ( 5130): logging.c(325) log__vprintf: Emitting Signal
D/MQTT    ( 5130): logging.c(325) log__vprintf: Sending PUBACK to cs-mqtt-client_2068602178 (m9, rc0)
I/MQTT    ( 5113): st-broker-handler.c: on_publish(196) > on_publish callback start
D/MQTT    ( 5130): logging.c(325) log__vprintf: Received PUBLISH from cs-mqtt-client_2068602178 (d0, q1, r0, m10, '/v1/cs/hub/info', ... (218 bytes))
I/MQTT    ( 5130): logging.c(325) log__vprintf: Emitting Signal
D/MQTT    ( 5130): logging.c(325) log__vprintf: Sending PUBACK to cs-mqtt-client_2068602178 (m10, rc0)
I/MQTT    ( 5113): st-broker-handler.c: on_publish(196) > on_publish callback start
D/MQTT    ( 5130): logging.c(325) log__vprintf: Received PUBLISH from cs-mqtt-client_2068602178 (d0, q1, r0, m11, '/v1/cs/hub/info', ... (218 bytes))
I/MQTT    ( 5130): logging.c(325) log__vprintf: Emitting Signal
D/MQTT    ( 5130): logging.c(325) log__vprintf: Sending PUBACK to cs-mqtt-client_2068602178 (m11, rc0)
I/MQTT    ( 5113): st-broker-handler.c: on_publish(196) > on_publish callback start
D/MQTT    ( 5130): logging.c(325) log__vprintf: Received PUBLISH from cs-mqtt-client_2068602178 (d0, q1, r0, m12, '/v1/cs/hub/info', ... (218 bytes))
I/MQTT    ( 5130): logging.c(325) log__vprintf: Emitting Signal
D/MQTT    ( 5130): logging.c(325) log__vprintf: Sending PUBACK to cs-mqtt-client_2068602178 (m12, rc0)
I/MQTT    ( 5113): st-broker-handler.c: on_publish(196) > on_publish callback start
V/MQTT    ( 5130): logging.c(325) log__vprintf: New connection from 192.168.0.108 on port 8883.
D/MQTT    ( 5130): logging.c(325) log__vprintf: Received PINGREQ from mosq-zPPbdjAYU6NiA0RNJn
D/MQTT    ( 5130): logging.c(325) log__vprintf: Sending PINGRESP to mosq-zPPbdjAYU6NiA0RNJn
I/MQTT    ( 5130): logging.c(325) log__vprintf: Emitting Signal
V/MQTT    ( 5130): logging.c(325) log__vprintf: New client connected from 192.168.0.108 as cs-mqtt-client_3623239767 (p2, c1, k120, u'61646d69-6e44-6576-6963-234231423444').
D/MQTT    ( 5130): logging.c(325) log__vprintf: No will message specified.
I/MQTT    ( 5130): logging.c(325) log__vprintf: Emitting Signal
D/MQTT    ( 5130): logging.c(325) log__vprintf: Sending CONNACK to cs-mqtt-client_3623239767 (0, 0)
I/MQTT    ( 5113): st-broker-handler.c: on_preconnect(418) > on_pre_connect callback
I/MQTT    ( 5113): st-broker-handler.c: on_connect(396) > on_connect callback
D/MQTT    ( 5130): logging.c(325) log__vprintf: Received SUBSCRIBE from cs-mqtt-client_3623239767
D/MQTT    ( 5130): logging.c(325) log__vprintf: 	/v1/client/request/B827EB01-5793-1111-1111-111111111111 (QoS 1)
I/MQTT    ( 5130): logging.c(325) log__vprintf: Emitting Signal
D/MQTT    ( 5130): logging.c(325) log__vprintf: Sending SUBACK to cs-mqtt-client_3623239767
I/MQTT    ( 5113): st-broker-handler.c: on_subscribe(360) > on_subscribe callback
D/MQTT    ( 5130): logging.c(325) log__vprintf: Received SUBSCRIBE from cs-mqtt-client_3623239767
D/MQTT    ( 5130): logging.c(325) log__vprintf: 	/v1/client/response/B827EB01-5793-1111-1111-111111111111 (QoS 1)
I/MQTT    ( 5130): logging.c(325) log__vprintf: Emitting Signal
D/MQTT    ( 5130): logging.c(325) log__vprintf: Sending SUBACK to cs-mqtt-client_3623239767
I/MQTT    ( 5113): st-broker-handler.c: on_subscribe(360) > on_subscribe callback
D/MQTT    ( 5130): logging.c(325) log__vprintf: Received SUBSCRIBE from cs-mqtt-client_3623239767
D/MQTT    ( 5130): logging.c(325) log__vprintf: 	/v1/client/noti/B827EB01-5793-1111-1111-111111111111 (QoS 1)
I/MQTT    ( 5130): logging.c(325) log__vprintf: Emitting Signal
D/MQTT    ( 5130): logging.c(325) log__vprintf: Sending SUBACK to cs-mqtt-client_3623239767
I/MQTT    ( 5113): st-broker-handler.c: on_subscribe(360) > on_subscribe callback
D/MQTT    ( 5130): logging.c(325) log__vprintf: Received SUBSCRIBE from cs-mqtt-client_3623239767
D/MQTT    ( 5130): logging.c(325) log__vprintf: 	/v1/cs/hub/info (QoS 1)
I/MQTT    ( 5130): logging.c(325) log__vprintf: Emitting Signal
D/MQTT    ( 5130): logging.c(325) log__vprintf: Sending SUBACK to cs-mqtt-client_3623239767
I/MQTT    ( 5113): st-broker-handler.c: on_subscribe(360) > on_subscribe callback
D/MQTT    ( 5130): logging.c(325) log__vprintf: Received PUBLISH from cs-mqtt-client_2068602178 (d0, q1, r0, m13, '/v1/cs/hub/info', ... (218 bytes))
I/MQTT    ( 5130): logging.c(325) log__vprintf: Emitting Signal
D/MQTT    ( 5130): logging.c(325) log__vprintf: Sending PUBACK to cs-mqtt-client_2068602178 (m13, rc0)
D/MQTT    ( 5130): logging.c(325) log__vprintf: Sending PUBLISH to cs-mqtt-client_3623239767 (d0, q1, r0, m1, '/v1/cs/hub/info', ... (218 bytes))
I/MQTT    ( 5113): st-broker-handler.c: on_publish(196) > on_publish callback start
D/MQTT    ( 5130): logging.c(325) log__vprintf: Received PUBACK from cs-mqtt-client_3623239767 (Mid: 1, RC:0)
D/MQTT    ( 5130): logging.c(325) log__vprintf: Received PUBLISH from cs-mqtt-client_3623239767 (d0, q1, r0, m6, '/v1/cs/request/B827EB62-1721-1111-1111-111111111111', ... (356 bytes))
I/MQTT    ( 5130): logging.c(325) log__vprintf: Emitting Signal
D/MQTT    ( 5130): logging.c(325) log__vprintf: Sending PUBACK to cs-mqtt-client_3623239767 (m6, rc0)
D/MQTT    ( 5130): logging.c(325) log__vprintf: Sending PUBLISH to cs-mqtt-client_2068602178 (d0, q1, r0, m3, '/v1/cs/request/B827EB62-1721-1111-1111-111111111111', ... (356 bytes))
I/MQTT    ( 5113): st-broker-handler.c: on_publish(196) > on_publish callback start
D/MQTT    ( 5130): logging.c(325) log__vprintf: Received PUBACK from cs-mqtt-client_2068602178 (Mid: 3, RC:0)
D/MQTT    ( 5130): logging.c(325) log__vprintf: Received PUBLISH from cs-mqtt-client_2068602178 (d0, q1, r0, m14, '/v1/client/response/B827EB01-5793-1111-1111-111111111111', ... (203 bytes))
I/MQTT    ( 5130): logging.c(325) log__vprintf: Emitting Signal
D/MQTT    ( 5130): logging.c(325) log__vprintf: Sending PUBACK to cs-mqtt-client_2068602178 (m14, rc0)
D/MQTT    ( 5130): logging.c(325) log__vprintf: Sending PUBLISH to cs-mqtt-client_3623239767 (d0, q1, r0, m2, '/v1/client/response/B827EB01-5793-1111-1111-111111111111', ... (203 bytes))
I/MQTT    ( 5113): st-broker-handler.c: on_publish(196) > on_publish callback start
D/MQTT    ( 5130): logging.c(325) log__vprintf: Received PUBACK from cs-mqtt-client_3623239767 (Mid: 2, RC:0)
D/MQTT    ( 5130): logging.c(325) log__vprintf: Received PUBLISH from cs-mqtt-client_2068602178 (d0, q1, r0, m15, '/v1/client/request/B827EB01-5793-1111-1111-111111111111', ... (166 bytes))
I/MQTT    ( 5130): logging.c(325) log__vprintf: Emitting Signal
D/MQTT    ( 5130): logging.c(325) log__vprintf: Sending PUBACK to cs-mqtt-client_2068602178 (m15, rc0)
D/MQTT    ( 5130): logging.c(325) log__vprintf: Sending PUBLISH to cs-mqtt-client_3623239767 (d0, q1, r0, m3, '/v1/client/request/B827EB01-5793-1111-1111-111111111111', ... (166 bytes))
I/MQTT    ( 5113): st-broker-handler.c: on_publish(196) > on_publish callback start
D/MQTT    ( 5130): logging.c(325) log__vprintf: Received PUBACK from cs-mqtt-client_3623239767 (Mid: 3, RC:0)
D/MQTT    ( 5130): logging.c(325) log__vprintf: Received PUBLISH from cs-mqtt-client_3623239767 (d0, q1, r0, m7, '/v1/cs/response/B827EB62-1721-1111-1111-111111111111', ... (198 bytes))
I/MQTT    ( 5130): logging.c(325) log__vprintf: Emitting Signal
D/MQTT    ( 5130): logging.c(325) log__vprintf: Sending PUBACK to cs-mqtt-client_3623239767 (m7, rc0)
D/MQTT    ( 5130): logging.c(325) log__vprintf: Sending PUBLISH to cs-mqtt-client_2068602178 (d0, q1, r0, m4, '/v1/cs/response/B827EB62-1721-1111-1111-111111111111', ... (198 bytes))
I/MQTT    ( 5113): st-broker-handler.c: on_publish(196) > on_publish callback start
D/MQTT    ( 5130): logging.c(325) log__vprintf: Received PUBACK from cs-mqtt-client_2068602178 (Mid: 4, RC:0)
D/MQTT    ( 5130): logging.c(325) log__vprintf: Received PUBLISH from cs-mqtt-client_2068602178 (d0, q1, r0, m16, '/v1/cs/hub/info', ... (218 bytes))
I/MQTT    ( 5130): logging.c(325) log__vprintf: Emitting Signal
I/MQTT    ( 5113): st-broker-handler.c: on_publish(196) > on_publish callback start
D/MQTT    ( 5130): INFO: Following log entry could not be sorted and is out of order.
D/MQTT    ( 5130): logging.c(325) log__vprintf: Sending PUBACK to cs-mqtt-client_2068602178 (m16, rc0)
D/MQTT    ( 5130): logging.c(325) log__vprintf: Sending PUBLISH to cs-mqtt-client_3623239767 (d0, q1, r0, m4, '/v1/cs/hub/info', ... (218 bytes))
D/MQTT    ( 5130): logging.c(325) log__vprintf: Received PUBACK from cs-mqtt-client_3623239767 (Mid: 4, RC:0)
D/MQTT    ( 5130): logging.c(325) log__vprintf: Received PUBLISH from cs-mqtt-client_2068602178 (d0, q1, r0, m17, '/v1/cs/hub/info', ... (218 bytes))
I/MQTT    ( 5130): logging.c(325) log__vprintf: Emitting Signal
I/MQTT    ( 5113): st-broker-handler.c: on_publish(196) > on_publish callback start
D/MQTT    ( 5130): INFO: Following log entry could not be sorted and is out of order.
D/MQTT    ( 5130): logging.c(325) log__vprintf: Sending PUBACK to cs-mqtt-client_2068602178 (m17, rc0)
D/MQTT    ( 5130): logging.c(325) log__vprintf: Sending PUBLISH to cs-mqtt-client_3623239767 (d0, q1, r0, m5, '/v1/cs/hub/info', ... (218 bytes))
D/MQTT    ( 5130): logging.c(325) log__vprintf: Received PUBACK from cs-mqtt-client_3623239767 (Mid: 5, RC:0)
V/MQTT    ( 5130): logging.c(325) log__vprintf: New connection from 192.168.0.109 on port 8883.
I/MQTT    ( 5130): logging.c(325) log__vprintf: Emitting Signal
I/MQTT    ( 5113): st-broker-handler.c: on_preconnect(418) > on_pre_connect callback
V/MQTT    ( 5130): INFO: Following log entry could not be sorted and is out of order.
V/MQTT    ( 5130): logging.c(325) log__vprintf: New client connected from 192.168.0.109 as cs-mqtt-client_2541956984 (p2, c1, k120, u'61646d69-6e44-6576-6963-234231423444').
D/MQTT    ( 5130): logging.c(325) log__vprintf: No will message specified.
I/MQTT    ( 5130): logging.c(325) log__vprintf: Emitting Signal
I/MQTT    ( 5113): st-broker-handler.c: on_connect(396) > on_connect callback
D/MQTT    ( 5130): INFO: Following log entry could not be sorted and is out of order.
D/MQTT    ( 5130): logging.c(325) log__vprintf: Sending CONNACK to cs-mqtt-client_2541956984 (0, 0)
D/MQTT    ( 5130): logging.c(325) log__vprintf: Received SUBSCRIBE from cs-mqtt-client_2541956984
D/MQTT    ( 5130): logging.c(325) log__vprintf: 	/v1/client/request/B827EB56-C97C-1111-1111-111111111111 (QoS 1)
I/MQTT    ( 5130): logging.c(325) log__vprintf: Emitting Signal
I/MQTT    ( 5113): st-broker-handler.c: on_subscribe(360) > on_subscribe callback
D/MQTT    ( 5130): INFO: Following log entry could not be sorted and is out of order.
D/MQTT    ( 5130): logging.c(325) log__vprintf: Sending SUBACK to cs-mqtt-client_2541956984
D/MQTT    ( 5130): logging.c(325) log__vprintf: Received SUBSCRIBE from cs-mqtt-client_2541956984
D/MQTT    ( 5130): logging.c(325) log__vprintf: 	/v1/client/response/B827EB56-C97C-1111-1111-111111111111 (QoS 1)
I/MQTT    ( 5130): logging.c(325) log__vprintf: Emitting Signal
I/MQTT    ( 5113): st-broker-handler.c: on_subscribe(360) > on_subscribe callback
D/MQTT    ( 5130): INFO: Following log entry could not be sorted and is out of order.
D/MQTT    ( 5130): logging.c(325) log__vprintf: Sending SUBACK to cs-mqtt-client_2541956984
D/MQTT    ( 5130): logging.c(325) log__vprintf: Received SUBSCRIBE from cs-mqtt-client_2541956984
D/MQTT    ( 5130): logging.c(325) log__vprintf: 	/v1/client/noti/B827EB56-C97C-1111-1111-111111111111 (QoS 1)
I/MQTT    ( 5130): logging.c(325) log__vprintf: Emitting Signal
I/MQTT    ( 5113): st-broker-handler.c: on_subscribe(360) > on_subscribe callback
D/MQTT    ( 5130): INFO: Following log entry could not be sorted and is out of order.
D/MQTT    ( 5130): logging.c(325) log__vprintf: Sending SUBACK to cs-mqtt-client_2541956984
D/MQTT    ( 5130): logging.c(325) log__vprintf: Received SUBSCRIBE from cs-mqtt-client_2541956984
D/MQTT    ( 5130): logging.c(325) log__vprintf: 	/v1/cs/hub/info (QoS 1)
I/MQTT    ( 5130): logging.c(325) log__vprintf: Emitting Signal
I/MQTT    ( 5113): st-broker-handler.c: on_subscribe(360) > on_subscribe callback
D/MQTT    ( 5130): INFO: Following log entry could not be sorted and is out of order.
D/MQTT    ( 5130): logging.c(325) log__vprintf: Sending SUBACK to cs-mqtt-client_2541956984
D/MQTT    ( 5130): logging.c(325) log__vprintf: Received PUBLISH from cs-mqtt-client_2068602178 (d0, q1, r0, m18, '/v1/cs/hub/info', ... (218 bytes))
I/MQTT    ( 5130): logging.c(325) log__vprintf: Emitting Signal
D/MQTT    ( 5130): logging.c(325) log__vprintf: Sending PUBACK to cs-mqtt-client_2068602178 (m18, rc0)
D/MQTT    ( 5130): logging.c(325) log__vprintf: Sending PUBLISH to cs-mqtt-client_3623239767 (d0, q1, r0, m6, '/v1/cs/hub/info', ... (218 bytes))
D/MQTT    ( 5130): logging.c(325) log__vprintf: Sending PUBLISH to cs-mqtt-client_2541956984 (d0, q1, r0, m1, '/v1/cs/hub/info', ... (218 bytes))
I/MQTT    ( 5113): st-broker-handler.c: on_publish(196) > on_publish callback start
D/MQTT    ( 5130): logging.c(325) log__vprintf: Received PUBACK from cs-mqtt-client_3623239767 (Mid: 6, RC:0)
D/MQTT    ( 5130): logging.c(325) log__vprintf: Received PUBACK from cs-mqtt-client_2541956984 (Mid: 1, RC:0)
D/MQTT    ( 5130): logging.c(325) log__vprintf: Received PUBLISH from cs-mqtt-client_2541956984 (d0, q1, r0, m6, '/v1/cs/request/B827EB62-1721-1111-1111-111111111111', ... (356 bytes))
I/MQTT    ( 5130): logging.c(325) log__vprintf: Emitting Signal
D/MQTT    ( 5130): logging.c(325) log__vprintf: Sending PUBACK to cs-mqtt-client_2541956984 (m6, rc0)
D/MQTT    ( 5130): logging.c(325) log__vprintf: Sending PUBLISH to cs-mqtt-client_2068602178 (d0, q1, r0, m5, '/v1/cs/request/B827EB62-1721-1111-1111-111111111111', ... (356 bytes))
I/MQTT    ( 5113): st-broker-handler.c: on_publish(196) > on_publish callback start
D/MQTT    ( 5130): INFO: Following log entry could not be sorted and is out of order.
D/MQTT    ( 5130): logging.c(325) log__vprintf: Received PUBACK from cs-mqtt-client_2068602178 (Mid: 5, RC:0)
D/MQTT    ( 5130): logging.c(325) log__vprintf: Received PUBLISH from cs-mqtt-client_2068602178 (d0, q1, r0, m19, '/v1/client/response/B827EB56-C97C-1111-1111-111111111111', ... (224 bytes))
I/MQTT    ( 5130): logging.c(325) log__vprintf: Emitting Signal
D/MQTT    ( 5130): logging.c(325) log__vprintf: Sending PUBACK to cs-mqtt-client_2068602178 (m19, rc0)
D/MQTT    ( 5130): logging.c(325) log__vprintf: Sending PUBLISH to cs-mqtt-client_2541956984 (d0, q1, r0, m2, '/v1/client/response/B827EB56-C97C-1111-1111-111111111111', ... (224 bytes))
I/MQTT    ( 5113): st-broker-handler.c: on_publish(196) > on_publish callback start
D/MQTT    ( 5130): logging.c(325) log__vprintf: Received PUBACK from cs-mqtt-client_2541956984 (Mid: 2, RC:0)
D/MQTT    ( 5130): logging.c(325) log__vprintf: Received PUBLISH from cs-mqtt-client_2068602178 (d0, q1, r0, m20, '/v1/client/request/B827EB56-C97C-1111-1111-111111111111', ... (166 bytes))
I/MQTT    ( 5130): logging.c(325) log__vprintf: Emitting Signal
D/MQTT    ( 5130): logging.c(325) log__vprintf: Sending PUBACK to cs-mqtt-client_2068602178 (m20, rc0)
D/MQTT    ( 5130): logging.c(325) log__vprintf: Sending PUBLISH to cs-mqtt-client_2541956984 (d0, q1, r0, m3, '/v1/client/request/B827EB56-C97C-1111-1111-111111111111', ... (166 bytes))
I/MQTT    ( 5113): st-broker-handler.c: on_publish(196) > on_publish callback start
D/MQTT    ( 5130): logging.c(325) log__vprintf: Received PUBACK from cs-mqtt-client_2541956984 (Mid: 3, RC:0)
D/MQTT    ( 5130): logging.c(325) log__vprintf: Received PUBLISH from cs-mqtt-client_2541956984 (d0, q1, r0, m7, '/v1/cs/response/B827EB62-1721-1111-1111-111111111111', ... (198 bytes))
I/MQTT    ( 5130): logging.c(325) log__vprintf: Emitting Signal
D/MQTT    ( 5130): logging.c(325) log__vprintf: Sending PUBACK to cs-mqtt-client_2541956984 (m7, rc0)
D/MQTT    ( 5130): logging.c(325) log__vprintf: Sending PUBLISH to cs-mqtt-client_2068602178 (d0, q1, r0, m6, '/v1/cs/response/B827EB62-1721-1111-1111-111111111111', ... (198 bytes))
I/MQTT    ( 5113): st-broker-handler.c: on_publish(196) > on_publish callback start
D/MQTT    ( 5130): INFO: Following log entry could not be sorted and is out of order.
D/MQTT    ( 5130): logging.c(325) log__vprintf: Received PUBACK from cs-mqtt-client_2068602178 (Mid: 6, RC:0)
D/MQTT    ( 5130): logging.c(325) log__vprintf: Received PUBLISH from cs-mqtt-client_2068602178 (d0, q1, r0, m21, '/v1/cs/hub/info', ... (218 bytes))
I/MQTT    ( 5130): logging.c(325) log__vprintf: Emitting Signal
D/MQTT    ( 5130): logging.c(325) log__vprintf: Sending PUBACK to cs-mqtt-client_2068602178 (m21, rc0)
D/MQTT    ( 5130): logging.c(325) log__vprintf: Sending PUBLISH to cs-mqtt-client_3623239767 (d0, q1, r0, m7, '/v1/cs/hub/info', ... (218 bytes))
D/MQTT    ( 5130): logging.c(325) log__vprintf: Sending PUBLISH to cs-mqtt-client_2541956984 (d0, q1, r0, m4, '/v1/cs/hub/info', ... (218 bytes))
I/MQTT    ( 5113): st-broker-handler.c: on_publish(196) > on_publish callback start
D/MQTT    ( 5130): logging.c(325) log__vprintf: Received PUBACK from cs-mqtt-client_2541956984 (Mid: 4, RC:0)
D/MQTT    ( 5130): logging.c(325) log__vprintf: Received PUBACK from cs-mqtt-client_3623239767 (Mid: 7, RC:0)
D/MQTT    ( 5130): logging.c(325) log__vprintf: Received PUBLISH from cs-mqtt-client_2068602178 (d0, q1, r0, m22, '/v1/cs/hub/info', ... (218 bytes))
I/MQTT    ( 5130): logging.c(325) log__vprintf: Emitting Signal
D/MQTT    ( 5130): logging.c(325) log__vprintf: Sending PUBACK to cs-mqtt-client_2068602178 (m22, rc0)
D/MQTT    ( 5130): logging.c(325) log__vprintf: Sending PUBLISH to cs-mqtt-client_3623239767 (d0, q1, r0, m8, '/v1/cs/hub/info', ... (218 bytes))
D/MQTT    ( 5130): logging.c(325) log__vprintf: Sending PUBLISH to cs-mqtt-client_2541956984 (d0, q1, r0, m5, '/v1/cs/hub/info', ... (218 bytes))
I/MQTT    ( 5113): st-broker-handler.c: on_publish(196) > on_publish callback start
D/MQTT    ( 5130): logging.c(325) log__vprintf: Received PUBACK from cs-mqtt-client_3623239767 (Mid: 8, RC:0)
D/MQTT    ( 5130): logging.c(325) log__vprintf: Received PUBACK from cs-mqtt-client_2541956984 (Mid: 5, RC:0)
D/MQTT    ( 5130): logging.c(325) log__vprintf: Received PUBLISH from cs-mqtt-client_2068602178 (d0, q1, r0, m23, '/v1/cs/hub/info', ... (218 bytes))
I/MQTT    ( 5130): logging.c(325) log__vprintf: Emitting Signal
D/MQTT    ( 5130): logging.c(325) log__vprintf: Sending PUBACK to cs-mqtt-client_2068602178 (m23, rc0)
D/MQTT    ( 5130): logging.c(325) log__vprintf: Sending PUBLISH to cs-mqtt-client_3623239767 (d0, q1, r0, m9, '/v1/cs/hub/info', ... (218 bytes))
I/MQTT    ( 5113): st-broker-handler.c: on_publish(196) > on_publish callback start
D/MQTT    ( 5130): logging.c(325) log__vprintf: Sending PUBLISH to cs-mqtt-client_2541956984 (d0, q1, r0, m6, '/v1/cs/hub/info', ... (218 bytes))
D/MQTT    ( 5130): logging.c(325) log__vprintf: Received PUBACK from cs-mqtt-client_2541956984 (Mid: 6, RC:0)
D/MQTT    ( 5130): logging.c(325) log__vprintf: Received PUBACK from cs-mqtt-client_3623239767 (Mid: 9, RC:0)
D/MQTT    ( 5130): logging.c(325) log__vprintf: Received PUBLISH from cs-mqtt-client_2068602178 (d0, q1, r0, m24, '/v1/cs/hub/info', ... (218 bytes))
I/MQTT    ( 5130): logging.c(325) log__vprintf: Emitting Signal
I/MQTT    ( 5113): st-broker-handler.c: on_publish(196) > on_publish callback start
D/MQTT    ( 5130): logging.c(325) log__vprintf: Sending PUBACK to cs-mqtt-client_2068602178 (m24, rc0)
D/MQTT    ( 5130): logging.c(325) log__vprintf: Sending PUBLISH to cs-mqtt-client_3623239767 (d0, q1, r0, m10, '/v1/cs/hub/info', ... (218 bytes))
D/MQTT    ( 5130): logging.c(325) log__vprintf: Sending PUBLISH to cs-mqtt-client_2541956984 (d0, q1, r0, m7, '/v1/cs/hub/info', ... (218 bytes))
D/MQTT    ( 5130): logging.c(325) log__vprintf: Received PUBACK from cs-mqtt-client_2541956984 (Mid: 7, RC:0)
D/MQTT    ( 5130): logging.c(325) log__vprintf: Received PUBACK from cs-mqtt-client_3623239767 (Mid: 10, RC:0)
D/MQTT    ( 5130): logging.c(325) log__vprintf: Received PUBLISH from cs-mqtt-client_2068602178 (d0, q1, r0, m25, '/v1/cs/hub/info', ... (218 bytes))
I/MQTT    ( 5130): logging.c(325) log__vprintf: Emitting Signal
I/MQTT    ( 5113): st-broker-handler.c: on_publish(196) > on_publish callback start
D/MQTT    ( 5130): logging.c(325) log__vprintf: Sending PUBACK to cs-mqtt-client_2068602178 (m25, rc0)
D/MQTT    ( 5130): logging.c(325) log__vprintf: Sending PUBLISH to cs-mqtt-client_3623239767 (d0, q1, r0, m11, '/v1/cs/hub/info', ... (218 bytes))
D/MQTT    ( 5130): logging.c(325) log__vprintf: Sending PUBLISH to cs-mqtt-client_2541956984 (d0, q1, r0, m8, '/v1/cs/hub/info', ... (218 bytes))
D/MQTT    ( 5130): logging.c(325) log__vprintf: Received PUBACK from cs-mqtt-client_3623239767 (Mid: 11, RC:0)
D/MQTT    ( 5130): logging.c(325) log__vprintf: Received PUBACK from cs-mqtt-client_2541956984 (Mid: 8, RC:0)
D/MQTT    ( 5130): logging.c(325) log__vprintf: Received PUBLISH from cs-mqtt-client_2068602178 (d0, q1, r0, m26, '/v1/cs/hub/info', ... (218 bytes))
I/MQTT    ( 5130): logging.c(325) log__vprintf: Emitting Signal
I/MQTT    ( 5113): st-broker-handler.c: on_publish(196) > on_publish callback start
D/MQTT    ( 5130): logging.c(325) log__vprintf: Sending PUBACK to cs-mqtt-client_2068602178 (m26, rc0)
D/MQTT    ( 5130): logging.c(325) log__vprintf: Sending PUBLISH to cs-mqtt-client_3623239767 (d0, q1, r0, m12, '/v1/cs/hub/info', ... (218 bytes))
D/MQTT    ( 5130): logging.c(325) log__vprintf: Sending PUBLISH to cs-mqtt-client_2541956984 (d0, q1, r0, m9, '/v1/cs/hub/info', ... (218 bytes))
D/MQTT    ( 5130): logging.c(325) log__vprintf: Received PUBACK from cs-mqtt-client_3623239767 (Mid: 12, RC:0)
D/MQTT    ( 5130): logging.c(325) log__vprintf: Received PUBACK from cs-mqtt-client_2541956984 (Mid: 9, RC:0)
D/MQTT    ( 5130): logging.c(325) log__vprintf: Received PUBLISH from cs-mqtt-client_2068602178 (d0, q1, r0, m27, '/v1/cs/hub/info', ... (218 bytes))
I/MQTT    ( 5130): logging.c(325) log__vprintf: Emitting Signal
I/MQTT    ( 5113): st-broker-handler.c: on_publish(196) > on_publish callback start
D/MQTT    ( 5130): logging.c(325) log__vprintf: Sending PUBACK to cs-mqtt-client_2068602178 (m27, rc0)
D/MQTT    ( 5130): logging.c(325) log__vprintf: Sending PUBLISH to cs-mqtt-client_3623239767 (d0, q1, r0, m13, '/v1/cs/hub/info', ... (218 bytes))
D/MQTT    ( 5130): logging.c(325) log__vprintf: Sending PUBLISH to cs-mqtt-client_2541956984 (d0, q1, r0, m10, '/v1/cs/hub/info', ... (218 bytes))
D/MQTT    ( 5130): logging.c(325) log__vprintf: Received PUBACK from cs-mqtt-client_3623239767 (Mid: 13, RC:0)
D/MQTT    ( 5130): logging.c(325) log__vprintf: Received PUBACK from cs-mqtt-client_2541956984 (Mid: 10, RC:0)
D/MQTT    ( 5130): logging.c(325) log__vprintf: Received PUBLISH from cs-mqtt-client_2068602178 (d0, q1, r0, m28, '/v1/cs/hub/info', ... (218 bytes))
I/MQTT    ( 5130): logging.c(325) log__vprintf: Emitting Signal
D/MQTT    ( 5130): logging.c(325) log__vprintf: Sending PUBACK to cs-mqtt-client_2068602178 (m28, rc0)
D/MQTT    ( 5130): logging.c(325) log__vprintf: Sending PUBLISH to cs-mqtt-client_3623239767 (d0, q1, r0, m14, '/v1/cs/hub/info', ... (218 bytes))
D/MQTT    ( 5130): logging.c(325) log__vprintf: Sending PUBLISH to cs-mqtt-client_2541956984 (d0, q1, r0, m11, '/v1/cs/hub/info', ... (218 bytes))
I/MQTT    ( 5113): st-broker-handler.c: on_publish(196) > on_publish callback start
D/MQTT    ( 5130): logging.c(325) log__vprintf: Received PUBACK from cs-mqtt-client_2541956984 (Mid: 11, RC:0)
D/MQTT    ( 5130): logging.c(325) log__vprintf: Received PUBACK from cs-mqtt-client_3623239767 (Mid: 14, RC:0)
D/MQTT    ( 5130): logging.c(325) log__vprintf: Received PUBLISH from cs-mqtt-client_2068602178 (d0, q1, r0, m29, '/v1/cs/hub/info', ... (218 bytes))
I/MQTT    ( 5130): logging.c(325) log__vprintf: Emitting Signal
D/MQTT    ( 5130): logging.c(325) log__vprintf: Sending PUBACK to cs-mqtt-client_2068602178 (m29, rc0)
D/MQTT    ( 5130): logging.c(325) log__vprintf: Sending PUBLISH to cs-mqtt-client_3623239767 (d0, q1, r0, m15, '/v1/cs/hub/info', ... (218 bytes))
D/MQTT    ( 5130): logging.c(325) log__vprintf: Sending PUBLISH to cs-mqtt-client_2541956984 (d0, q1, r0, m12, '/v1/cs/hub/info', ... (218 bytes))
I/MQTT    ( 5113): st-broker-handler.c: on_publish(196) > on_publish callback start
D/MQTT    ( 5130): logging.c(325) log__vprintf: Received PUBACK from cs-mqtt-client_3623239767 (Mid: 15, RC:0)
D/MQTT    ( 5130): logging.c(325) log__vprintf: Received PUBACK from cs-mqtt-client_2541956984 (Mid: 12, RC:0)
D/MQTT    ( 5130): logging.c(325) log__vprintf: Received PUBLISH from cs-mqtt-client_2068602178 (d0, q1, r0, m30, '/v1/cs/hub/info', ... (218 bytes))
I/MQTT    ( 5130): logging.c(325) log__vprintf: Emitting Signal
D/MQTT    ( 5130): logging.c(325) log__vprintf: Sending PUBACK to cs-mqtt-client_2068602178 (m30, rc0)
D/MQTT    ( 5130): logging.c(325) log__vprintf: Sending PUBLISH to cs-mqtt-client_3623239767 (d0, q1, r0, m16, '/v1/cs/hub/info', ... (218 bytes))
D/MQTT    ( 5130): logging.c(325) log__vprintf: Sending PUBLISH to cs-mqtt-client_2541956984 (d0, q1, r0, m13, '/v1/cs/hub/info', ... (218 bytes))
I/MQTT    ( 5113): st-broker-handler.c: on_publish(196) > on_publish callback start
D/MQTT    ( 5130): logging.c(325) log__vprintf: Received PUBACK from cs-mqtt-client_3623239767 (Mid: 16, RC:0)
D/MQTT    ( 5130): logging.c(325) log__vprintf: Received PUBACK from cs-mqtt-client_2541956984 (Mid: 13, RC:0)
D/MQTT    ( 5130): logging.c(325) log__vprintf: Received PUBLISH from cs-mqtt-client_2068602178 (d0, q1, r0, m31, '/v1/cs/hub/info', ... (218 bytes))
I/MQTT    ( 5130): logging.c(325) log__vprintf: Emitting Signal
D/MQTT    ( 5130): logging.c(325) log__vprintf: Sending PUBACK to cs-mqtt-client_2068602178 (m31, rc0)
D/MQTT    ( 5130): logging.c(325) log__vprintf: Sending PUBLISH to cs-mqtt-client_3623239767 (d0, q1, r0, m17, '/v1/cs/hub/info', ... (218 bytes))
D/MQTT    ( 5130): logging.c(325) log__vprintf: Sending PUBLISH to cs-mqtt-client_2541956984 (d0, q1, r0, m14, '/v1/cs/hub/info', ... (218 bytes))
I/MQTT    ( 5113): st-broker-handler.c: on_publish(196) > on_publish callback start
D/MQTT    ( 5130): logging.c(325) log__vprintf: Received PUBACK from cs-mqtt-client_2541956984 (Mid: 14, RC:0)
D/MQTT    ( 5130): logging.c(325) log__vprintf: Received PUBACK from cs-mqtt-client_3623239767 (Mid: 17, RC:0)
D/MQTT    ( 5130): logging.c(325) log__vprintf: Received PUBLISH from cs-mqtt-client_2068602178 (d0, q1, r0, m32, '/v1/cs/hub/info', ... (218 bytes))
I/MQTT    ( 5130): logging.c(325) log__vprintf: Emitting Signal
D/MQTT    ( 5130): logging.c(325) log__vprintf: Sending PUBACK to cs-mqtt-client_2068602178 (m32, rc0)
D/MQTT    ( 5130): logging.c(325) log__vprintf: Sending PUBLISH to cs-mqtt-client_3623239767 (d0, q1, r0, m18, '/v1/cs/hub/info', ... (218 bytes))
D/MQTT    ( 5130): logging.c(325) log__vprintf: Sending PUBLISH to cs-mqtt-client_2541956984 (d0, q1, r0, m15, '/v1/cs/hub/info', ... (218 bytes))
I/MQTT    ( 5113): st-broker-handler.c: on_publish(196) > on_publish callback start
D/MQTT    ( 5130): logging.c(325) log__vprintf: Received PUBACK from cs-mqtt-client_2541956984 (Mid: 15, RC:0)
D/MQTT    ( 5130): logging.c(325) log__vprintf: Received PUBACK from cs-mqtt-client_3623239767 (Mid: 18, RC:0)
D/MQTT    ( 5130): logging.c(325) log__vprintf: Received PUBLISH from cs-mqtt-client_2068602178 (d0, q1, r0, m33, '/v1/cs/hub/info', ... (218 bytes))
I/MQTT    ( 5130): logging.c(325) log__vprintf: Emitting Signal
D/MQTT    ( 5130): logging.c(325) log__vprintf: Sending PUBACK to cs-mqtt-client_2068602178 (m33, rc0)
D/MQTT    ( 5130): logging.c(325) log__vprintf: Sending PUBLISH to cs-mqtt-client_3623239767 (d0, q1, r0, m19, '/v1/cs/hub/info', ... (218 bytes))
D/MQTT    ( 5130): logging.c(325) log__vprintf: Sending PUBLISH to cs-mqtt-client_2541956984 (d0, q1, r0, m16, '/v1/cs/hub/info', ... (218 bytes))
I/MQTT    ( 5113): st-broker-handler.c: on_publish(196) > on_publish callback start
D/MQTT    ( 5130): logging.c(325) log__vprintf: Received PUBACK from cs-mqtt-client_3623239767 (Mid: 19, RC:0)
D/MQTT    ( 5130): logging.c(325) log__vprintf: Received PUBACK from cs-mqtt-client_2541956984 (Mid: 16, RC:0)
D/MQTT    ( 5130): logging.c(325) log__vprintf: Received PUBLISH from cs-mqtt-client_2068602178 (d0, q1, r0, m34, '/v1/cs/hub/info', ... (218 bytes))
I/MQTT    ( 5130): logging.c(325) log__vprintf: Emitting Signal
D/MQTT    ( 5130): logging.c(325) log__vprintf: Sending PUBACK to cs-mqtt-client_2068602178 (m34, rc0)
D/MQTT    ( 5130): logging.c(325) log__vprintf: Sending PUBLISH to cs-mqtt-client_3623239767 (d0, q1, r0, m20, '/v1/cs/hub/info', ... (218 bytes))
D/MQTT    ( 5130): logging.c(325) log__vprintf: Sending PUBLISH to cs-mqtt-client_2541956984 (d0, q1, r0, m17, '/v1/cs/hub/info', ... (218 bytes))
I/MQTT    ( 5113): st-broker-handler.c: on_publish(196) > on_publish callback start
D/MQTT    ( 5130): logging.c(325) log__vprintf: Received PUBACK from cs-mqtt-client_2541956984 (Mid: 17, RC:0)
D/MQTT    ( 5130): logging.c(325) log__vprintf: Received PUBACK from cs-mqtt-client_3623239767 (Mid: 20, RC:0)
D/MQTT    ( 5130): logging.c(325) log__vprintf: Received PUBLISH from cs-mqtt-client_2068602178 (d0, q1, r0, m35, '/v1/cs/hub/info', ... (218 bytes))
I/MQTT    ( 5130): logging.c(325) log__vprintf: Emitting Signal
D/MQTT    ( 5130): logging.c(325) log__vprintf: Sending PUBACK to cs-mqtt-client_2068602178 (m35, rc0)
D/MQTT    ( 5130): logging.c(325) log__vprintf: Sending PUBLISH to cs-mqtt-client_3623239767 (d0, q1, r0, m21, '/v1/cs/hub/info', ... (218 bytes))
D/MQTT    ( 5130): logging.c(325) log__vprintf: Sending PUBLISH to cs-mqtt-client_2541956984 (d0, q1, r0, m18, '/v1/cs/hub/info', ... (218 bytes))
I/MQTT    ( 5113): st-broker-handler.c: on_publish(196) > on_publish callback start
D/MQTT    ( 5130): logging.c(325) log__vprintf: Received PUBACK from cs-mqtt-client_3623239767 (Mid: 21, RC:0)
D/MQTT    ( 5130): logging.c(325) log__vprintf: Received PUBACK from cs-mqtt-client_2541956984 (Mid: 18, RC:0)
D/MQTT    ( 5130): logging.c(325) log__vprintf: Received PUBLISH from cs-mqtt-client_2068602178 (d0, q1, r0, m36, '/v1/cs/hub/info', ... (218 bytes))
I/MQTT    ( 5130): logging.c(325) log__vprintf: Emitting Signal
D/MQTT    ( 5130): logging.c(325) log__vprintf: Sending PUBACK to cs-mqtt-client_2068602178 (m36, rc0)
D/MQTT    ( 5130): logging.c(325) log__vprintf: Sending PUBLISH to cs-mqtt-client_3623239767 (d0, q1, r0, m22, '/v1/cs/hub/info', ... (218 bytes))
D/MQTT    ( 5130): logging.c(325) log__vprintf: Sending PUBLISH to cs-mqtt-client_2541956984 (d0, q1, r0, m19, '/v1/cs/hub/info', ... (218 bytes))
I/MQTT    ( 5113): st-broker-handler.c: on_publish(196) > on_publish callback start
D/MQTT    ( 5130): logging.c(325) log__vprintf: Received PUBACK from cs-mqtt-client_3623239767 (Mid: 22, RC:0)
D/MQTT    ( 5130): logging.c(325) log__vprintf: Received PUBACK from cs-mqtt-client_2541956984 (Mid: 19, RC:0)
D/MQTT    ( 5130): logging.c(325) log__vprintf: Received PUBLISH from cs-mqtt-client_2068602178 (d0, q1, r0, m37, '/v1/cs/hub/info', ... (218 bytes))
I/MQTT    ( 5130): logging.c(325) log__vprintf: Emitting Signal
D/MQTT    ( 5130): logging.c(325) log__vprintf: Sending PUBACK to cs-mqtt-client_2068602178 (m37, rc0)
D/MQTT    ( 5130): logging.c(325) log__vprintf: Sending PUBLISH to cs-mqtt-client_3623239767 (d0, q1, r0, m23, '/v1/cs/hub/info', ... (218 bytes))
D/MQTT    ( 5130): logging.c(325) log__vprintf: Sending PUBLISH to cs-mqtt-client_2541956984 (d0, q1, r0, m20, '/v1/cs/hub/info', ... (218 bytes))
I/MQTT    ( 5113): st-broker-handler.c: on_publish(196) > on_publish callback start
D/MQTT    ( 5130): logging.c(325) log__vprintf: Received PUBACK from cs-mqtt-client_3623239767 (Mid: 23, RC:0)
D/MQTT    ( 5130): logging.c(325) log__vprintf: Received PUBACK from cs-mqtt-client_2541956984 (Mid: 20, RC:0)
D/MQTT    ( 5130): logging.c(325) log__vprintf: Received PUBLISH from cs-mqtt-client_2068602178 (d0, q1, r0, m38, '/v1/cs/hub/info', ... (218 bytes))
I/MQTT    ( 5130): logging.c(325) log__vprintf: Emitting Signal
D/MQTT    ( 5130): logging.c(325) log__vprintf: Sending PUBACK to cs-mqtt-client_2068602178 (m38, rc0)
D/MQTT    ( 5130): logging.c(325) log__vprintf: Sending PUBLISH to cs-mqtt-client_3623239767 (d0, q1, r0, m24, '/v1/cs/hub/info', ... (218 bytes))
D/MQTT    ( 5130): logging.c(325) log__vprintf: Sending PUBLISH to cs-mqtt-client_2541956984 (d0, q1, r0, m21, '/v1/cs/hub/info', ... (218 bytes))
I/MQTT    ( 5113): st-broker-handler.c: on_publish(196) > on_publish callback start
D/MQTT    ( 5130): logging.c(325) log__vprintf: Received PUBACK from cs-mqtt-client_2541956984 (Mid: 21, RC:0)
D/MQTT    ( 5130): logging.c(325) log__vprintf: Received PUBACK from cs-mqtt-client_3623239767 (Mid: 24, RC:0)
D/MQTT    ( 5130): logging.c(325) log__vprintf: Received PUBLISH from cs-mqtt-client_2068602178 (d0, q1, r0, m39, '/v1/cs/hub/info', ... (218 bytes))
I/MQTT    ( 5130): logging.c(325) log__vprintf: Emitting Signal
I/MQTT    ( 5113): st-broker-handler.c: on_publish(196) > on_publish callback start
D/MQTT    ( 5130): INFO: Following log entry could not be sorted and is out of order.
D/MQTT    ( 5130): logging.c(325) log__vprintf: Sending PUBACK to cs-mqtt-client_2068602178 (m39, rc0)
D/MQTT    ( 5130): logging.c(325) log__vprintf: Sending PUBLISH to cs-mqtt-client_3623239767 (d0, q1, r0, m25, '/v1/cs/hub/info', ... (218 bytes))
D/MQTT    ( 5130): logging.c(325) log__vprintf: Sending PUBLISH to cs-mqtt-client_2541956984 (d0, q1, r0, m22, '/v1/cs/hub/info', ... (218 bytes))
D/MQTT    ( 5130): logging.c(325) log__vprintf: Received PUBACK from cs-mqtt-client_2541956984 (Mid: 22, RC:0)
D/MQTT    ( 5130): logging.c(325) log__vprintf: Received PUBACK from cs-mqtt-client_3623239767 (Mid: 25, RC:0)
I/MQTT    ( 5113): st-broker-handler.c: on_publish(196) > on_publish callback start
D/MQTT    ( 5130): INFO: Following log entry could not be sorted and is out of order.
D/MQTT    ( 5130): logging.c(325) log__vprintf: Received PUBLISH from cs-mqtt-client_2068602178 (d0, q1, r0, m40, '/v1/cs/hub/info', ... (218 bytes))
I/MQTT    ( 5130): logging.c(325) log__vprintf: Emitting Signal
D/MQTT    ( 5130): logging.c(325) log__vprintf: Sending PUBACK to cs-mqtt-client_2068602178 (m40, rc0)
D/MQTT    ( 5130): logging.c(325) log__vprintf: Sending PUBLISH to cs-mqtt-client_3623239767 (d0, q1, r0, m26, '/v1/cs/hub/info', ... (218 bytes))
D/MQTT    ( 5130): logging.c(325) log__vprintf: Sending PUBLISH to cs-mqtt-client_2541956984 (d0, q1, r0, m23, '/v1/cs/hub/info', ... (218 bytes))
D/MQTT    ( 5130): logging.c(325) log__vprintf: Received PUBACK from cs-mqtt-client_3623239767 (Mid: 26, RC:0)
D/MQTT    ( 5130): logging.c(325) log__vprintf: Received PUBACK from cs-mqtt-client_2541956984 (Mid: 23, RC:0)
E/MQTT    ( 5130): logging.c(325) log__vprintf: OpenSSL Error[0]: error:14095126:SSL routines:ssl3_read_n:unexpected eof while reading
V/MQTT    ( 5130): logging.c(325) log__vprintf: Socket error on client cs-mqtt-client_2541956984, disconnecting.
V/MQTT    ( 5130): logging.c(325) log__vprintf: New connection from 192.168.0.109 on port 8883.
I/MQTT    ( 5130): logging.c(325) log__vprintf: Emitting Signal
I/MQTT    ( 5113): st-broker-handler.c: on_preconnect(418) > on_pre_connect callback
V/MQTT    ( 5130): logging.c(325) log__vprintf: New client connected from 192.168.0.109 as cs-mqtt-client_2330768733 (p2, c1, k120, u'61646d69-6e44-6576-6963-234231423444').
D/MQTT    ( 5130): logging.c(325) log__vprintf: No will message specified.
I/MQTT    ( 5130): logging.c(325) log__vprintf: Emitting Signal
I/MQTT    ( 5113): st-broker-handler.c: on_connect(396) > on_connect callback
D/MQTT    ( 5130): logging.c(325) log__vprintf: Sending CONNACK to cs-mqtt-client_2330768733 (0, 0)
D/MQTT    ( 5130): logging.c(325) log__vprintf: Received SUBSCRIBE from cs-mqtt-client_2330768733
D/MQTT    ( 5130): logging.c(325) log__vprintf: 	/v1/client/request/B827EB56-C97C-1111-1111-111111111111 (QoS 1)
I/MQTT    ( 5130): logging.c(325) log__vprintf: Emitting Signal
I/MQTT    ( 5113): st-broker-handler.c: on_subscribe(360) > on_subscribe callback
D/MQTT    ( 5130): logging.c(325) log__vprintf: Sending SUBACK to cs-mqtt-client_2330768733
D/MQTT    ( 5130): logging.c(325) log__vprintf: Received SUBSCRIBE from cs-mqtt-client_2330768733
D/MQTT    ( 5130): logging.c(325) log__vprintf: 	/v1/client/response/B827EB56-C97C-1111-1111-111111111111 (QoS 1)
I/MQTT    ( 5130): logging.c(325) log__vprintf: Emitting Signal
I/MQTT    ( 5113): st-broker-handler.c: on_subscribe(360) > on_subscribe callback
D/MQTT    ( 5130): logging.c(325) log__vprintf: Sending SUBACK to cs-mqtt-client_2330768733
D/MQTT    ( 5130): logging.c(325) log__vprintf: Received SUBSCRIBE from cs-mqtt-client_2330768733
D/MQTT    ( 5130): logging.c(325) log__vprintf: 	/v1/client/noti/B827EB56-C97C-1111-1111-111111111111 (QoS 1)
I/MQTT    ( 5130): logging.c(325) log__vprintf: Emitting Signal
I/MQTT    ( 5113): st-broker-handler.c: on_subscribe(360) > on_subscribe callback
D/MQTT    ( 5130): logging.c(325) log__vprintf: Sending SUBACK to cs-mqtt-client_2330768733
D/MQTT    ( 5130): logging.c(325) log__vprintf: Received SUBSCRIBE from cs-mqtt-client_2330768733
D/MQTT    ( 5130): logging.c(325) log__vprintf: 	/v1/cs/hub/info (QoS 1)
I/MQTT    ( 5130): logging.c(325) log__vprintf: Emitting Signal
I/MQTT    ( 5113): st-broker-handler.c: on_subscribe(360) > on_subscribe callback
D/MQTT    ( 5130): logging.c(325) log__vprintf: Sending SUBACK to cs-mqtt-client_2330768733
D/MQTT    ( 5130): logging.c(325) log__vprintf: Received PUBLISH from cs-mqtt-client_2068602178 (d0, q1, r0, m41, '/v1/cs/hub/info', ... (218 bytes))
I/MQTT    ( 5130): logging.c(325) log__vprintf: Emitting Signal
D/MQTT    ( 5130): logging.c(325) log__vprintf: Sending PUBACK to cs-mqtt-client_2068602178 (m41, rc0)
D/MQTT    ( 5130): logging.c(325) log__vprintf: Sending PUBLISH to cs-mqtt-client_3623239767 (d0, q1, r0, m27, '/v1/cs/hub/info', ... (218 bytes))
D/MQTT    ( 5130): logging.c(325) log__vprintf: Sending PUBLISH to cs-mqtt-client_2330768733 (d0, q1, r0, m1, '/v1/cs/hub/info', ... (218 bytes))
I/MQTT    ( 5113): st-broker-handler.c: on_publish(196) > on_publish callback start
D/MQTT    ( 5130): logging.c(325) log__vprintf: Received PUBACK from cs-mqtt-client_2330768733 (Mid: 1, RC:0)
D/MQTT    ( 5130): logging.c(325) log__vprintf: Received PUBACK from cs-mqtt-client_3623239767 (Mid: 27, RC:0)
D/MQTT    ( 5130): logging.c(325) log__vprintf: Received PUBLISH from cs-mqtt-client_2330768733 (d0, q1, r0, m6, '/v1/cs/request/B827EB62-1721-1111-1111-111111111111', ... (356 bytes))
I/MQTT    ( 5130): logging.c(325) log__vprintf: Emitting Signal
D/MQTT    ( 5130): logging.c(325) log__vprintf: Sending PUBACK to cs-mqtt-client_2330768733 (m6, rc0)
D/MQTT    ( 5130): logging.c(325) log__vprintf: Sending PUBLISH to cs-mqtt-client_2068602178 (d0, q1, r0, m7, '/v1/cs/request/B827EB62-1721-1111-1111-111111111111', ... (356 bytes))
I/MQTT    ( 5113): st-broker-handler.c: on_publish(196) > on_publish callback start
D/MQTT    ( 5130): logging.c(325) log__vprintf: Received PUBACK from cs-mqtt-client_2068602178 (Mid: 7, RC:0)
D/MQTT    ( 5130): logging.c(325) log__vprintf: Received PUBLISH from cs-mqtt-client_2068602178 (d0, q1, r0, m42, '/v1/client/response/B827EB56-C97C-1111-1111-111111111111', ... (224 bytes))
I/MQTT    ( 5130): logging.c(325) log__vprintf: Emitting Signal
D/MQTT    ( 5130): logging.c(325) log__vprintf: Sending PUBACK to cs-mqtt-client_2068602178 (m42, rc0)
D/MQTT    ( 5130): logging.c(325) log__vprintf: Sending PUBLISH to cs-mqtt-client_2330768733 (d0, q1, r0, m2, '/v1/client/response/B827EB56-C97C-1111-1111-111111111111', ... (224 bytes))
I/MQTT    ( 5113): st-broker-handler.c: on_publish(196) > on_publish callback start
D/MQTT    ( 5130): logging.c(325) log__vprintf: Received PUBACK from cs-mqtt-client_2330768733 (Mid: 2, RC:0)
D/MQTT    ( 5130): logging.c(325) log__vprintf: Received PUBLISH from cs-mqtt-client_2068602178 (d0, q1, r0, m43, '/v1/client/request/B827EB56-C97C-1111-1111-111111111111', ... (166 bytes))
I/MQTT    ( 5130): logging.c(325) log__vprintf: Emitting Signal
I/MQTT    ( 5113): st-broker-handler.c: on_publish(196) > on_publish callback start
D/MQTT    ( 5130): logging.c(325) log__vprintf: Sending PUBACK to cs-mqtt-client_2068602178 (m43, rc0)
D/MQTT    ( 5130): logging.c(325) log__vprintf: Sending PUBLISH to cs-mqtt-client_2330768733 (d0, q1, r0, m3, '/v1/client/request/B827EB56-C97C-1111-1111-111111111111', ... (166 bytes))
D/MQTT    ( 5130): logging.c(325) log__vprintf: Received PUBACK from cs-mqtt-client_2330768733 (Mid: 3, RC:0)
D/MQTT    ( 5130): logging.c(325) log__vprintf: Received PUBLISH from cs-mqtt-client_2330768733 (d0, q1, r0, m7, '/v1/cs/response/B827EB62-1721-1111-1111-111111111111', ... (198 bytes))
I/MQTT    ( 5130): logging.c(325) log__vprintf: Emitting Signal
I/MQTT    ( 5113): st-broker-handler.c: on_publish(196) > on_publish callback start
D/MQTT    ( 5130): logging.c(325) log__vprintf: Sending PUBACK to cs-mqtt-client_2330768733 (m7, rc0)
D/MQTT    ( 5130): logging.c(325) log__vprintf: Sending PUBLISH to cs-mqtt-client_2068602178 (d0, q1, r0, m8, '/v1/cs/response/B827EB62-1721-1111-1111-111111111111', ... (198 bytes))
D/MQTT    ( 5130): logging.c(325) log__vprintf: Received PUBACK from cs-mqtt-client_2068602178 (Mid: 8, RC:0)
D/MQTT    ( 5130): logging.c(325) log__vprintf: Received PUBLISH from cs-mqtt-client_2068602178 (d0, q1, r0, m44, '/v1/cs/hub/info', ... (218 bytes))
I/MQTT    ( 5130): logging.c(325) log__vprintf: Emitting Signal
D/MQTT    ( 5130): logging.c(325) log__vprintf: Sending PUBACK to cs-mqtt-client_2068602178 (m44, rc0)
I/MQTT    ( 5113): st-broker-handler.c: on_publish(196) > on_publish callback start
D/MQTT    ( 5130): logging.c(325) log__vprintf: Sending PUBLISH to cs-mqtt-client_3623239767 (d0, q1, r0, m28, '/v1/cs/hub/info', ... (218 bytes))
D/MQTT    ( 5130): logging.c(325) log__vprintf: Sending PUBLISH to cs-mqtt-client_2330768733 (d0, q1, r0, m4, '/v1/cs/hub/info', ... (218 bytes))
D/MQTT    ( 5130): logging.c(325) log__vprintf: Received PUBACK from cs-mqtt-client_2330768733 (Mid: 4, RC:0)
D/MQTT    ( 5130): logging.c(325) log__vprintf: Received PUBACK from cs-mqtt-client_3623239767 (Mid: 28, RC:0)
D/MQTT    ( 5130): logging.c(325) log__vprintf: Received PUBLISH from cs-mqtt-client_2068602178 (d0, q1, r0, m45, '/v1/cs/hub/info', ... (218 bytes))
I/MQTT    ( 5130): logging.c(325) log__vprintf: Emitting Signal
D/MQTT    ( 5130): logging.c(325) log__vprintf: Sending PUBACK to cs-mqtt-client_2068602178 (m45, rc0)
I/MQTT    ( 5113): st-broker-handler.c: on_publish(196) > on_publish callback start
D/MQTT    ( 5130): logging.c(325) log__vprintf: Sending PUBLISH to cs-mqtt-client_3623239767 (d0, q1, r0, m29, '/v1/cs/hub/info', ... (218 bytes))
D/MQTT    ( 5130): logging.c(325) log__vprintf: Sending PUBLISH to cs-mqtt-client_2330768733 (d0, q1, r0, m5, '/v1/cs/hub/info', ... (218 bytes))
D/MQTT    ( 5130): logging.c(325) log__vprintf: Received PUBACK from cs-mqtt-client_3623239767 (Mid: 29, RC:0)
D/MQTT    ( 5130): logging.c(325) log__vprintf: Received PUBACK from cs-mqtt-client_2330768733 (Mid: 5, RC:0)
D/MQTT    ( 5130): logging.c(325) log__vprintf: Received PUBLISH from cs-mqtt-client_2068602178 (d0, q1, r0, m46, '/v1/cs/hub/info', ... (218 bytes))
I/MQTT    ( 5130): logging.c(325) log__vprintf: Emitting Signal
D/MQTT    ( 5130): logging.c(325) log__vprintf: Sending PUBACK to cs-mqtt-client_2068602178 (m46, rc0)
I/MQTT    ( 5113): st-broker-handler.c: on_publish(196) > on_publish callback start
D/MQTT    ( 5130): logging.c(325) log__vprintf: Sending PUBLISH to cs-mqtt-client_3623239767 (d0, q1, r0, m30, '/v1/cs/hub/info', ... (218 bytes))
D/MQTT    ( 5130): logging.c(325) log__vprintf: Sending PUBLISH to cs-mqtt-client_2330768733 (d0, q1, r0, m6, '/v1/cs/hub/info', ... (218 bytes))
D/MQTT    ( 5130): logging.c(325) log__vprintf: Received PUBACK from cs-mqtt-client_3623239767 (Mid: 30, RC:0)
D/MQTT    ( 5130): logging.c(325) log__vprintf: Received PUBACK from cs-mqtt-client_2330768733 (Mid: 6, RC:0)
D/MQTT    ( 5130): logging.c(325) log__vprintf: Received PUBLISH from cs-mqtt-client_2068602178 (d0, q1, r0, m47, '/v1/cs/hub/info', ... (218 bytes))
I/MQTT    ( 5130): logging.c(325) log__vprintf: Emitting Signal
D/MQTT    ( 5130): logging.c(325) log__vprintf: Sending PUBACK to cs-mqtt-client_2068602178 (m47, rc0)
I/MQTT    ( 5113): st-broker-handler.c: on_publish(196) > on_publish callback start
D/MQTT    ( 5130): logging.c(325) log__vprintf: Sending PUBLISH to cs-mqtt-client_3623239767 (d0, q1, r0, m31, '/v1/cs/hub/info', ... (218 bytes))
D/MQTT    ( 5130): logging.c(325) log__vprintf: Sending PUBLISH to cs-mqtt-client_2330768733 (d0, q1, r0, m7, '/v1/cs/hub/info', ... (218 bytes))
D/MQTT    ( 5130): logging.c(325) log__vprintf: Received PUBACK from cs-mqtt-client_2330768733 (Mid: 7, RC:0)
D/MQTT    ( 5130): logging.c(325) log__vprintf: Received PUBACK from cs-mqtt-client_3623239767 (Mid: 31, RC:0)
D/MQTT    ( 5130): logging.c(325) log__vprintf: Received PUBLISH from cs-mqtt-client_2068602178 (d0, q1, r0, m48, '/v1/cs/hub/info', ... (218 bytes))
I/MQTT    ( 5130): logging.c(325) log__vprintf: Emitting Signal
D/MQTT    ( 5130): logging.c(325) log__vprintf: Sending PUBACK to cs-mqtt-client_2068602178 (m48, rc0)
