D/MQTT    ( 5130): logging.c(325) log__vprintf: Sending PUBLISH to cs-mqtt-client_3623239767 (d0, q1, r0, m32, '/v1/cs/hub/info', ... (218 bytes))
D/MQTT    ( 5130): logging.c(325) log__vprintf: Sending PUBLISH to cs-mqtt-client_2330768733 (d0, q1, r0, m8, '/v1/cs/hub/info', ... (218 bytes))
I/MQTT    ( 5113): st-broker-handler.c: on_publish(196) > on_publish callback start
D/MQTT    ( 5130): logging.c(325) log__vprintf: Received PUBACK from cs-mqtt-client_3623239767 (Mid: 32, RC:0)
D/MQTT    ( 5130): logging.c(325) log__vprintf: Received PUBACK from cs-mqtt-client_2330768733 (Mid: 8, RC:0)
I/MQTT    ( 5113): st-broker-handler.c: on_publish(196) > on_publish callback start
D/MQTT    ( 5130): INFO: Following log entry could not be sorted and is out of order.
D/MQTT    ( 5130): logging.c(325) log__vprintf: Received PUBLISH from cs-mqtt-client_2068602178 (d0, q1, r0, m49, '/v1/cs/hub/info', ... (218 bytes))
I/MQTT    ( 5130): logging.c(325) log__vprintf: Emitting Signal
D/MQTT    ( 5130): logging.c(325) log__vprintf: Sending PUBACK to cs-mqtt-client_2068602178 (m49, rc0)
D/MQTT    ( 5130): logging.c(325) log__vprintf: Sending PUBLISH to cs-mqtt-client_3623239767 (d0, q1, r0, m33, '/v1/cs/hub/info', ... (218 bytes))
D/MQTT    ( 5130): logging.c(325) log__vprintf: Sending PUBLISH to cs-mqtt-client_2330768733 (d0, q1, r0, m9, '/v1/cs/hub/info', ... (218 bytes))
D/MQTT    ( 5130): logging.c(325) log__vprintf: Received PUBACK from cs-mqtt-client_2330768733 (Mid: 9, RC:0)
D/MQTT    ( 5130): logging.c(325) log__vprintf: Received PUBACK from cs-mqtt-client_3623239767 (Mid: 33, RC:0)
I/MQTT    ( 5113): st-broker-handler.c: on_publish(196) > on_publish callback start
D/MQTT    ( 5130): INFO: Following log entry could not be sorted and is out of order.
D/MQTT    ( 5130): logging.c(325) log__vprintf: Received PUBLISH from cs-mqtt-client_2068602178 (d0, q1, r0, m50, '/v1/cs/hub/info', ... (218 bytes))
I/MQTT    ( 5130): logging.c(325) log__vprintf: Emitting Signal
D/MQTT    ( 5130): logging.c(325) log__vprintf: Sending PUBACK to cs-mqtt-client_2068602178 (m50, rc0)
D/MQTT    ( 5130): logging.c(325) log__vprintf: Sending PUBLISH to cs-mqtt-client_3623239767 (d0, q1, r0, m34, '/v1/cs/hub/info', ... (218 bytes))
D/MQTT    ( 5130): logging.c(325) log__vprintf: Sending PUBLISH to cs-mqtt-client_2330768733 (d0, q1, r0, m10, '/v1/cs/hub/info', ... (218 bytes))
D/MQTT    ( 5130): logging.c(325) log__vprintf: Received PUBACK from cs-mqtt-client_2330768733 (Mid: 10, RC:0)
D/MQTT    ( 5130): logging.c(325) log__vprintf: Received PUBACK from cs-mqtt-client_3623239767 (Mid: 34, RC:0)
D/MQTT    ( 5130): logging.c(325) log__vprintf: Received PUBLISH from cs-mqtt-client_2068602178 (d0, q1, r0, m51, '/v1/cs/hub/info', ... (218 bytes))
I/MQTT    ( 5130): logging.c(325) log__vprintf: Emitting Signal
D/MQTT    ( 5130): logging.c(325) log__vprintf: Sending PUBACK to cs-mqtt-client_2068602178 (m51, rc0)
D/MQTT    ( 5130): logging.c(325) log__vprintf: Sending PUBLISH to cs-mqtt-client_3623239767 (d0, q1, r0, m35, '/v1/cs/hub/info', ... (218 bytes))
D/MQTT    ( 5130): logging.c(325) log__vprintf: Sending PUBLISH to cs-mqtt-client_2330768733 (d0, q1, r0, m11, '/v1/cs/hub/info', ... (218 bytes))
I/MQTT    ( 5113): st-broker-handler.c: on_publish(196) > on_publish callback start
D/MQTT    ( 5130): logging.c(325) log__vprintf: Received PUBACK from cs-mqtt-client_3623239767 (Mid: 35, RC:0)
D/MQTT    ( 5130): logging.c(325) log__vprintf: Received PUBACK from cs-mqtt-client_2330768733 (Mid: 11, RC:0)
D/MQTT    ( 5130): logging.c(325) log__vprintf: Received PUBLISH from cs-mqtt-client_2068602178 (d0, q1, r0, m52, '/v1/cs/hub/info', ... (218 bytes))
I/MQTT    ( 5130): logging.c(325) log__vprintf: Emitting Signal
D/MQTT    ( 5130): logging.c(325) log__vprintf: Sending PUBACK to cs-mqtt-client_2068602178 (m52, rc0)
D/MQTT    ( 5130): logging.c(325) log__vprintf: Sending PUBLISH to cs-mqtt-client_3623239767 (d0, q1, r0, m36, '/v1/cs/hub/info', ... (218 bytes))
D/MQTT    ( 5130): logging.c(325) log__vprintf: Sending PUBLISH to cs-mqtt-client_2330768733 (d0, q1, r0, m12, '/v1/cs/hub/info', ... (218 bytes))
I/MQTT    ( 5113): st-broker-handler.c: on_publish(196) > on_publish callback start
D/MQTT    ( 5130): logging.c(325) log__vprintf: Received PUBACK from cs-mqtt-client_3623239767 (Mid: 36, RC:0)
D/MQTT    ( 5130): logging.c(325) log__vprintf: Received PUBACK from cs-mqtt-client_2330768733 (Mid: 12, RC:0)
D/MQTT    ( 5130): logging.c(325) log__vprintf: Received PUBLISH from cs-mqtt-client_2068602178 (d0, q1, r0, m53, '/v1/cs/hub/info', ... (218 bytes))
I/MQTT    ( 5130): logging.c(325) log__vprintf: Emitting Signal
D/MQTT    ( 5130): logging.c(325) log__vprintf: Sending PUBACK to cs-mqtt-client_2068602178 (m53, rc0)
D/MQTT    ( 5130): logging.c(325) log__vprintf: Sending PUBLISH to cs-mqtt-client_3623239767 (d0, q1, r0, m37, '/v1/cs/hub/info', ... (218 bytes))
D/MQTT    ( 5130): logging.c(325) log__vprintf: Sending PUBLISH to cs-mqtt-client_2330768733 (d0, q1, r0, m13, '/v1/cs/hub/info', ... (218 bytes))
I/MQTT    ( 5113): st-broker-handler.c: on_publish(196) > on_publish callback start
D/MQTT    ( 5130): logging.c(325) log__vprintf: Received PUBACK from cs-mqtt-client_3623239767 (Mid: 37, RC:0)
D/MQTT    ( 5130): logging.c(325) log__vprintf: Received PUBACK from cs-mqtt-client_2330768733 (Mid: 13, RC:0)
D/MQTT    ( 5130): logging.c(325) log__vprintf: Received PUBLISH from cs-mqtt-client_2068602178 (d0, q1, r0, m54, '/v1/cs/hub/info', ... (218 bytes))
I/MQTT    ( 5130): logging.c(325) log__vprintf: Emitting Signal
D/MQTT    ( 5130): logging.c(325) log__vprintf: Sending PUBACK to cs-mqtt-client_2068602178 (m54, rc0)
D/MQTT    ( 5130): logging.c(325) log__vprintf: Sending PUBLISH to cs-mqtt-client_3623239767 (d0, q1, r0, m38, '/v1/cs/hub/info', ... (218 bytes))
D/MQTT    ( 5130): logging.c(325) log__vprintf: Sending PUBLISH to cs-mqtt-client_2330768733 (d0, q1, r0, m14, '/v1/cs/hub/info', ... (218 bytes))
I/MQTT    ( 5113): st-broker-handler.c: on_publish(196) > on_publish callback start
D/MQTT    ( 5130): logging.c(325) log__vprintf: Received PUBACK from cs-mqtt-client_2330768733 (Mid: 14, RC:0)
D/MQTT    ( 5130): logging.c(325) log__vprintf: Received PUBACK from cs-mqtt-client_3623239767 (Mid: 38, RC:0)
D/MQTT    ( 5130): logging.c(325) log__vprintf: Received PUBLISH from cs-mqtt-client_2068602178 (d0, q1, r0, m55, '/v1/cs/hub/info', ... (218 bytes))
I/MQTT    ( 5130): logging.c(325) log__vprintf: Emitting Signal
D/MQTT    ( 5130): logging.c(325) log__vprintf: Sending PUBACK to cs-mqtt-client_2068602178 (m55, rc0)
D/MQTT    ( 5130): logging.c(325) log__vprintf: Sending PUBLISH to cs-mqtt-client_3623239767 (d0, q1, r0, m39, '/v1/cs/hub/info', ... (218 bytes))
D/MQTT    ( 5130): logging.c(325) log__vprintf: Sending PUBLISH to cs-mqtt-client_2330768733 (d0, q1, r0, m15, '/v1/cs/hub/info', ... (218 bytes))
I/MQTT    ( 5113): st-broker-handler.c: on_publish(196) > on_publish callback start
D/MQTT    ( 5130): logging.c(325) log__vprintf: Received PUBACK from cs-mqtt-client_3623239767 (Mid: 39, RC:0)
D/MQTT    ( 5130): logging.c(325) log__vprintf: Received PUBACK from cs-mqtt-client_2330768733 (Mid: 15, RC:0)
D/MQTT    ( 5130): logging.c(325) log__vprintf: Received PUBLISH from cs-mqtt-client_2068602178 (d0, q1, r0, m56, '/v1/cs/hub/info', ... (218 bytes))
I/MQTT    ( 5130): logging.c(325) log__vprintf: Emitting Signal
D/MQTT    ( 5130): logging.c(325) log__vprintf: Sending PUBACK to cs-mqtt-client_2068602178 (m56, rc0)
D/MQTT    ( 5130): logging.c(325) log__vprintf: Sending PUBLISH to cs-mqtt-client_3623239767 (d0, q1, r0, m40, '/v1/cs/hub/info', ... (218 bytes))
D/MQTT    ( 5130): logging.c(325) log__vprintf: Sending PUBLISH to cs-mqtt-client_2330768733 (d0, q1, r0, m16, '/v1/cs/hub/info', ... (218 bytes))
I/MQTT    ( 5113): st-broker-handler.c: on_publish(196) > on_publish callback start
D/MQTT    ( 5130): logging.c(325) log__vprintf: Received PUBACK from cs-mqtt-client_2330768733 (Mid: 16, RC:0)
D/MQTT    ( 5130): logging.c(325) log__vprintf: Received PUBACK from cs-mqtt-client_3623239767 (Mid: 40, RC:0)
D/MQTT    ( 5130): logging.c(325) log__vprintf: Received PUBLISH from cs-mqtt-client_2068602178 (d0, q1, r0, m57, '/v1/cs/hub/info', ... (218 bytes))
I/MQTT    ( 5130): logging.c(325) log__vprintf: Emitting Signal
D/MQTT    ( 5130): logging.c(325) log__vprintf: Sending PUBACK to cs-mqtt-client_2068602178 (m57, rc0)
D/MQTT    ( 5130): logging.c(325) log__vprintf: Sending PUBLISH to cs-mqtt-client_3623239767 (d0, q1, r0, m41, '/v1/cs/hub/info', ... (218 bytes))
D/MQTT    ( 5130): logging.c(325) log__vprintf: Sending PUBLISH to cs-mqtt-client_2330768733 (d0, q1, r0, m17, '/v1/cs/hub/info', ... (218 bytes))
I/MQTT    ( 5113): st-broker-handler.c: on_publish(196) > on_publish callback start
D/MQTT    ( 5130): logging.c(325) log__vprintf: Received PUBACK from cs-mqtt-client_2330768733 (Mid: 17, RC:0)
D/MQTT    ( 5130): logging.c(325) log__vprintf: Received PUBACK from cs-mqtt-client_3623239767 (Mid: 41, RC:0)
D/MQTT    ( 5130): logging.c(325) log__vprintf: Received PINGREQ from mosq-zPPbdjAYU6NiA0RNJn
D/MQTT    ( 5130): logging.c(325) log__vprintf: Sending PINGRESP to mosq-zPPbdjAYU6NiA0RNJn
D/MQTT    ( 5130): logging.c(325) log__vprintf: Received PUBLISH from cs-mqtt-client_2068602178 (d0, q1, r0, m58, '/v1/cs/hub/info', ... (218 bytes))
I/MQTT    ( 5130): logging.c(325) log__vprintf: Emitting Signal
I/MQTT    ( 5113): st-broker-handler.c: on_publish(196) > on_publish callback start
D/MQTT    ( 5130): logging.c(325) log__vprintf: Sending PUBACK to cs-mqtt-client_2068602178 (m58, rc0)
D/MQTT    ( 5130): logging.c(325) log__vprintf: Sending PUBLISH to cs-mqtt-client_3623239767 (d0, q1, r0, m42, '/v1/cs/hub/info', ... (218 bytes))
D/MQTT    ( 5130): logging.c(325) log__vprintf: Sending PUBLISH to cs-mqtt-client_2330768733 (d0, q1, r0, m18, '/v1/cs/hub/info', ... (218 bytes))
D/MQTT    ( 5130): logging.c(325) log__vprintf: Received PUBACK from cs-mqtt-client_3623239767 (Mid: 42, RC:0)
D/MQTT    ( 5130): logging.c(325) log__vprintf: Received PUBACK from cs-mqtt-client_2330768733 (Mid: 18, RC:0)
D/MQTT    ( 5130): logging.c(325) log__vprintf: Received PUBLISH from cs-mqtt-client_2068602178 (d0, q1, r0, m59, '/v1/cs/hub/info', ... (218 bytes))
I/MQTT    ( 5130): logging.c(325) log__vprintf: Emitting Signal
I/MQTT    ( 5113): st-broker-handler.c: on_publish(196) > on_publish callback start
D/MQTT    ( 5130): logging.c(325) log__vprintf: Sending PUBACK to cs-mqtt-client_2068602178 (m59, rc0)
D/MQTT    ( 5130): logging.c(325) log__vprintf: Sending PUBLISH to cs-mqtt-client_3623239767 (d0, q1, r0, m43, '/v1/cs/hub/info', ... (218 bytes))
D/MQTT    ( 5130): logging.c(325) log__vprintf: Sending PUBLISH to cs-mqtt-client_2330768733 (d0, q1, r0, m19, '/v1/cs/hub/info', ... (218 bytes))
D/MQTT    ( 5130): logging.c(325) log__vprintf: Received PUBACK from cs-mqtt-client_3623239767 (Mid: 43, RC:0)
D/MQTT    ( 5130): logging.c(325) log__vprintf: Received PUBACK from cs-mqtt-client_2330768733 (Mid: 19, RC:0)
D/MQTT    ( 5130): logging.c(325) log__vprintf: Received PUBLISH from cs-mqtt-client_2068602178 (d0, q1, r0, m60, '/v1/cs/hub/info', ... (218 bytes))
I/MQTT    ( 5130): logging.c(325) log__vprintf: Emitting Signal
D/MQTT    ( 5130): logging.c(325) log__vprintf: Sending PUBACK to cs-mqtt-client_2068602178 (m60, rc0)
D/MQTT    ( 5130): logging.c(325) log__vprintf: Sending PUBLISH to cs-mqtt-client_3623239767 (d0, q1, r0, m44, '/v1/cs/hub/info', ... (218 bytes))
D/MQTT    ( 5130): logging.c(325) log__vprintf: Sending PUBLISH to cs-mqtt-client_2330768733 (d0, q1, r0, m20, '/v1/cs/hub/info', ... (218 bytes))
I/MQTT    ( 5113): st-broker-handler.c: on_publish(196) > on_publish callback start
D/MQTT    ( 5130): logging.c(325) log__vprintf: Received PUBACK from cs-mqtt-client_3623239767 (Mid: 44, RC:0)
D/MQTT    ( 5130): logging.c(325) log__vprintf: Received PUBACK from cs-mqtt-client_2330768733 (Mid: 20, RC:0)
D/MQTT    ( 5130): logging.c(325) log__vprintf: Received PUBLISH from cs-mqtt-client_2068602178 (d0, q1, r0, m61, '/v1/cs/hub/info', ... (218 bytes))
I/MQTT    ( 5130): logging.c(325) log__vprintf: Emitting Signal
D/MQTT    ( 5130): logging.c(325) log__vprintf: Sending PUBACK to cs-mqtt-client_2068602178 (m61, rc0)
D/MQTT    ( 5130): logging.c(325) log__vprintf: Sending PUBLISH to cs-mqtt-client_3623239767 (d0, q1, r0, m45, '/v1/cs/hub/info', ... (218 bytes))
I/MQTT    ( 5113): st-broker-handler.c: on_publish(196) > on_publish callback start
D/MQTT    ( 5130): logging.c(325) log__vprintf: Sending PUBLISH to cs-mqtt-client_2330768733 (d0, q1, r0, m21, '/v1/cs/hub/info', ... (218 bytes))
D/MQTT    ( 5130): logging.c(325) log__vprintf: Received PUBACK from cs-mqtt-client_3623239767 (Mid: 45, RC:0)
D/MQTT    ( 5130): logging.c(325) log__vprintf: Received PUBACK from cs-mqtt-client_2330768733 (Mid: 21, RC:0)
D/MQTT    ( 5130): logging.c(325) log__vprintf: Received PUBLISH from cs-mqtt-client_2068602178 (d0, q1, r0, m62, '/v1/cs/hub/info', ... (218 bytes))
I/MQTT    ( 5130): logging.c(325) log__vprintf: Emitting Signal
D/MQTT    ( 5130): logging.c(325) log__vprintf: Sending PUBACK to cs-mqtt-client_2068602178 (m62, rc0)
D/MQTT    ( 5130): logging.c(325) log__vprintf: Sending PUBLISH to cs-mqtt-client_3623239767 (d0, q1, r0, m46, '/v1/cs/hub/info', ... (218 bytes))
D/MQTT    ( 5130): logging.c(325) log__vprintf: Sending PUBLISH to cs-mqtt-client_2330768733 (d0, q1, r0, m22, '/v1/cs/hub/info', ... (218 bytes))
I/MQTT    ( 5113): st-broker-handler.c: on_publish(196) > on_publish callback start
D/MQTT    ( 5130): logging.c(325) log__vprintf: Received PUBACK from cs-mqtt-client_3623239767 (Mid: 46, RC:0)
D/MQTT    ( 5130): logging.c(325) log__vprintf: Received PUBACK from cs-mqtt-client_2330768733 (Mid: 22, RC:0)
D/MQTT    ( 5130): logging.c(325) log__vprintf: Received PUBLISH from cs-mqtt-client_2068602178 (d0, q1, r0, m63, '/v1/cs/hub/info', ... (218 bytes))
I/MQTT    ( 5130): logging.c(325) log__vprintf: Emitting Signal
D/MQTT    ( 5130): logging.c(325) log__vprintf: Sending PUBACK to cs-mqtt-client_2068602178 (m63, rc0)
D/MQTT    ( 5130): logging.c(325) log__vprintf: Sending PUBLISH to cs-mqtt-client_3623239767 (d0, q1, r0, m47, '/v1/cs/hub/info', ... (218 bytes))
D/MQTT    ( 5130): logging.c(325) log__vprintf: Sending PUBLISH to cs-mqtt-client_2330768733 (d0, q1, r0, m23, '/v1/cs/hub/info', ... (218 bytes))
I/MQTT    ( 5113): st-broker-handler.c: on_publish(196) > on_publish callback start
D/MQTT    ( 5130): logging.c(325) log__vprintf: Received PUBACK from cs-mqtt-client_3623239767 (Mid: 47, RC:0)
D/MQTT    ( 5130): logging.c(325) log__vprintf: Received PUBACK from cs-mqtt-client_2330768733 (Mid: 23, RC:0)
D/MQTT    ( 5130): logging.c(325) log__vprintf: Received PUBLISH from cs-mqtt-client_2068602178 (d0, q1, r0, m64, '/v1/cs/hub/info', ... (218 bytes))
I/MQTT    ( 5130): logging.c(325) log__vprintf: Emitting Signal
D/MQTT    ( 5130): logging.c(325) log__vprintf: Sending PUBACK to cs-mqtt-client_2068602178 (m64, rc0)
D/MQTT    ( 5130): logging.c(325) log__vprintf: Sending PUBLISH to cs-mqtt-client_3623239767 (d0, q1, r0, m48, '/v1/cs/hub/info', ... (218 bytes))
D/MQTT    ( 5130): logging.c(325) log__vprintf: Sending PUBLISH to cs-mqtt-client_2330768733 (d0, q1, r0, m24, '/v1/cs/hub/info', ... (218 bytes))
I/MQTT    ( 5113): st-broker-handler.c: on_publish(196) > on_publish callback start
D/MQTT    ( 5130): logging.c(325) log__vprintf: Received PUBACK from cs-mqtt-client_3623239767 (Mid: 48, RC:0)
D/MQTT    ( 5130): logging.c(325) log__vprintf: Received PUBACK from cs-mqtt-client_2330768733 (Mid: 24, RC:0)
D/MQTT    ( 5130): logging.c(325) log__vprintf: Received PUBLISH from cs-mqtt-client_2068602178 (d0, q1, r0, m65, '/v1/cs/hub/info', ... (218 bytes))
I/MQTT    ( 5130): logging.c(325) log__vprintf: Emitting Signal
D/MQTT    ( 5130): logging.c(325) log__vprintf: Sending PUBACK to cs-mqtt-client_2068602178 (m65, rc0)
D/MQTT    ( 5130): logging.c(325) log__vprintf: Sending PUBLISH to cs-mqtt-client_3623239767 (d0, q1, r0, m49, '/v1/cs/hub/info', ... (218 bytes))
D/MQTT    ( 5130): logging.c(325) log__vprintf: Sending PUBLISH to cs-mqtt-client_2330768733 (d0, q1, r0, m25, '/v1/cs/hub/info', ... (218 bytes))
I/MQTT    ( 5113): st-broker-handler.c: on_publish(196) > on_publish callback start
D/MQTT    ( 5130): logging.c(325) log__vprintf: Received PUBACK from cs-mqtt-client_3623239767 (Mid: 49, RC:0)
D/MQTT    ( 5130): logging.c(325) log__vprintf: Received PUBACK from cs-mqtt-client_2330768733 (Mid: 25, RC:0)
D/MQTT    ( 5130): logging.c(325) log__vprintf: Received PUBLISH from cs-mqtt-client_2068602178 (d0, q1, r0, m66, '/v1/cs/hub/info', ... (218 bytes))
I/MQTT    ( 5130): logging.c(325) log__vprintf: Emitting Signal
D/MQTT    ( 5130): logging.c(325) log__vprintf: Sending PUBACK to cs-mqtt-client_2068602178 (m66, rc0)
D/MQTT    ( 5130): logging.c(325) log__vprintf: Sending PUBLISH to cs-mqtt-client_3623239767 (d0, q1, r0, m50, '/v1/cs/hub/info', ... (218 bytes))
D/MQTT    ( 5130): logging.c(325) log__vprintf: Sending PUBLISH to cs-mqtt-client_2330768733 (d0, q1, r0, m26, '/v1/cs/hub/info', ... (218 bytes))
I/MQTT    ( 5113): st-broker-handler.c: on_publish(196) > on_publish callback start
D/MQTT    ( 5130): logging.c(325) log__vprintf: Received PUBACK from cs-mqtt-client_3623239767 (Mid: 50, RC:0)
D/MQTT    ( 5130): logging.c(325) log__vprintf: Received PUBACK from cs-mqtt-client_2330768733 (Mid: 26, RC:0)
I/MQTT    ( 5113): st-broker-handler.c: on_publish(196) > on_publish callback start
D/MQTT    ( 5130): INFO: Following log entry could not be sorted and is out of order.
D/MQTT    ( 5130): logging.c(325) log__vprintf: Received PUBLISH from cs-mqtt-client_2068602178 (d0, q1, r0, m67, '/v1/cs/hub/info', ... (218 bytes))
I/MQTT    ( 5130): logging.c(325) log__vprintf: Emitting Signal
D/MQTT    ( 5130): logging.c(325) log__vprintf: Sending PUBACK to cs-mqtt-client_2068602178 (m67, rc0)
D/MQTT    ( 5130): logging.c(325) log__vprintf: Sending PUBLISH to cs-mqtt-client_3623239767 (d0, q1, r0, m51, '/v1/cs/hub/info', ... (218 bytes))
D/MQTT    ( 5130): logging.c(325) log__vprintf: Sending PUBLISH to cs-mqtt-client_2330768733 (d0, q1, r0, m27, '/v1/cs/hub/info', ... (218 bytes))
D/MQTT    ( 5130): logging.c(325) log__vprintf: Received PUBACK from cs-mqtt-client_2330768733 (Mid: 27, RC:0)
D/MQTT    ( 5130): logging.c(325) log__vprintf: Received PUBACK from cs-mqtt-client_3623239767 (Mid: 51, RC:0)
D/MQTT    ( 5130): logging.c(325) log__vprintf: Received PUBLISH from cs-mqtt-client_2068602178 (d0, q1, r0, m68, '/v1/cs/hub/info', ... (218 bytes))
I/MQTT    ( 5130): logging.c(325) log__vprintf: Emitting Signal
D/MQTT    ( 5130): logging.c(325) log__vprintf: Sending PUBACK to cs-mqtt-client_2068602178 (m68, rc0)
D/MQTT    ( 5130): logging.c(325) log__vprintf: Sending PUBLISH to cs-mqtt-client_3623239767 (d0, q1, r0, m52, '/v1/cs/hub/info', ... (218 bytes))
D/MQTT    ( 5130): logging.c(325) log__vprintf: Sending PUBLISH to cs-mqtt-client_2330768733 (d0, q1, r0, m28, '/v1/cs/hub/info', ... (218 bytes))
I/MQTT    ( 5113): st-broker-handler.c: on_publish(196) > on_publish callback start
D/MQTT    ( 5130): logging.c(325) log__vprintf: Received PUBACK from cs-mqtt-client_3623239767 (Mid: 52, RC:0)
D/MQTT    ( 5130): logging.c(325) log__vprintf: Received PUBACK from cs-mqtt-client_2330768733 (Mid: 28, RC:0)
I/MQTT    ( 5113): st-broker-handler.c: on_publish(196) > on_publish callback start
D/MQTT    ( 5130): INFO: Following log entry could not be sorted and is out of order.
D/MQTT    ( 5130): logging.c(325) log__vprintf: Received PUBLISH from cs-mqtt-client_2068602178 (d0, q1, r0, m69, '/v1/cs/hub/info', ... (218 bytes))
I/MQTT    ( 5130): logging.c(325) log__vprintf: Emitting Signal
D/MQTT    ( 5130): logging.c(325) log__vprintf: Sending PUBACK to cs-mqtt-client_2068602178 (m69, rc0)
D/MQTT    ( 5130): logging.c(325) log__vprintf: Sending PUBLISH to cs-mqtt-client_3623239767 (d0, q1, r0, m53, '/v1/cs/hub/info', ... (218 bytes))
D/MQTT    ( 5130): logging.c(325) log__vprintf: Sending PUBLISH to cs-mqtt-client_2330768733 (d0, q1, r0, m29, '/v1/cs/hub/info', ... (218 bytes))
D/MQTT    ( 5130): logging.c(325) log__vprintf: Received PUBACK from cs-mqtt-client_2330768733 (Mid: 29, RC:0)
D/MQTT    ( 5130): logging.c(325) log__vprintf: Received PUBACK from cs-mqtt-client_3623239767 (Mid: 53, RC:0)
I/MQTT    ( 5113): st-broker-handler.c: on_publish(196) > on_publish callback start
D/MQTT    ( 5130): INFO: Following log entry could not be sorted and is out of order.
D/MQTT    ( 5130): logging.c(325) log__vprintf: Received PUBLISH from cs-mqtt-client_2068602178 (d0, q1, r0, m70, '/v1/cs/hub/info', ... (218 bytes))
I/MQTT    ( 5130): logging.c(325) log__vprintf: Emitting Signal
D/MQTT    ( 5130): logging.c(325) log__vprintf: Sending PUBACK to cs-mqtt-client_2068602178 (m70, rc0)
D/MQTT    ( 5130): logging.c(325) log__vprintf: Sending PUBLISH to cs-mqtt-client_3623239767 (d0, q1, r0, m54, '/v1/cs/hub/info', ... (218 bytes))
D/MQTT    ( 5130): logging.c(325) log__vprintf: Sending PUBLISH to cs-mqtt-client_2330768733 (d0, q1, r0, m30, '/v1/cs/hub/info', ... (218 bytes))
D/MQTT    ( 5130): logging.c(325) log__vprintf: Received PUBACK from cs-mqtt-client_3623239767 (Mid: 54, RC:0)
D/MQTT    ( 5130): logging.c(325) log__vprintf: Received PUBACK from cs-mqtt-client_2330768733 (Mid: 30, RC:0)
D/MQTT    ( 5130): logging.c(325) log__vprintf: Received PUBLISH from cs-mqtt-client_2068602178 (d0, q1, r0, m71, '/v1/cs/hub/info', ... (218 bytes))
I/MQTT    ( 5130): logging.c(325) log__vprintf: Emitting Signal
D/MQTT    ( 5130): logging.c(325) log__vprintf: Sending PUBACK to cs-mqtt-client_2068602178 (m71, rc0)
D/MQTT    ( 5130): logging.c(325) log__vprintf: Sending PUBLISH to cs-mqtt-client_3623239767 (d0, q1, r0, m55, '/v1/cs/hub/info', ... (218 bytes))
D/MQTT    ( 5130): logging.c(325) log__vprintf: Sending PUBLISH to cs-mqtt-client_2330768733 (d0, q1, r0, m31, '/v1/cs/hub/info', ... (218 bytes))
I/MQTT    ( 5113): st-broker-handler.c: on_publish(196) > on_publish callback start
D/MQTT    ( 5130): logging.c(325) log__vprintf: Received PUBACK from cs-mqtt-client_3623239767 (Mid: 55, RC:0)
D/MQTT    ( 5130): logging.c(325) log__vprintf: Received PUBACK from cs-mqtt-client_2330768733 (Mid: 31, RC:0)
D/MQTT    ( 5130): logging.c(325) log__vprintf: Received PUBLISH from cs-mqtt-client_2068602178 (d0, q1, r0, m72, '/v1/cs/hub/info', ... (218 bytes))
I/MQTT    ( 5130): logging.c(325) log__vprintf: Emitting Signal
D/MQTT    ( 5130): logging.c(325) log__vprintf: Sending PUBACK to cs-mqtt-client_2068602178 (m72, rc0)
D/MQTT    ( 5130): logging.c(325) log__vprintf: Sending PUBLISH to cs-mqtt-client_3623239767 (d0, q1, r0, m56, '/v1/cs/hub/info', ... (218 bytes))
D/MQTT    ( 5130): logging.c(325) log__vprintf: Sending PUBLISH to cs-mqtt-client_2330768733 (d0, q1, r0, m32, '/v1/cs/hub/info', ... (218 bytes))
I/MQTT    ( 5113): st-broker-handler.c: on_publish(196) > on_publish callback start
D/MQTT    ( 5130): logging.c(325) log__vprintf: Received PUBACK from cs-mqtt-client_3623239767 (Mid: 56, RC:0)
D/MQTT    ( 5130): logging.c(325) log__vprintf: Received PUBACK from cs-mqtt-client_2330768733 (Mid: 32, RC:0)
E/MQTT    ( 5130): logging.c(325) log__vprintf: OpenSSL Error[0]: error:14095126:SSL routines:ssl3_read_n:unexpected eof while reading
V/MQTT    ( 5130): logging.c(325) log__vprintf: Socket error on client cs-mqtt-client_3623239767, disconnecting.
V/MQTT    ( 5130): logging.c(325) log__vprintf: New connection from 192.168.0.108 on port 8883.
I/MQTT    ( 5130): logging.c(325) log__vprintf: Emitting Signal
I/MQTT    ( 5113): st-broker-handler.c: on_preconnect(418) > on_pre_connect callback
I/MQTT    ( 5113): st-broker-handler.c: on_connect(396) > on_connect callback
V/MQTT    ( 5130): INFO: Following log entry could not be sorted and is out of order.
V/MQTT    ( 5130): logging.c(325) log__vprintf: New client connected from 192.168.0.108 as cs-mqtt-client_2635190390 (p2, c1, k120, u'61646d69-6e44-6576-6963-234231423444').
D/MQTT    ( 5130): logging.c(325) log__vprintf: No will message specified.
I/MQTT    ( 5130): logging.c(325) log__vprintf: Emitting Signal
D/MQTT    ( 5130): logging.c(325) log__vprintf: Sending CONNACK to cs-mqtt-client_2635190390 (0, 0)
D/MQTT    ( 5130): logging.c(325) log__vprintf: Received SUBSCRIBE from cs-mqtt-client_2635190390
D/MQTT    ( 5130): logging.c(325) log__vprintf: 	/v1/client/request/B827EB01-5793-1111-1111-111111111111 (QoS 1)
I/MQTT    ( 5130): logging.c(325) log__vprintf: Emitting Signal
I/MQTT    ( 5113): st-broker-handler.c: on_subscribe(360) > on_subscribe callback
D/MQTT    ( 5130): INFO: Following log entry could not be sorted and is out of order.
D/MQTT    ( 5130): logging.c(325) log__vprintf: Sending SUBACK to cs-mqtt-client_2635190390
D/MQTT    ( 5130): logging.c(325) log__vprintf: Received SUBSCRIBE from cs-mqtt-client_2635190390
D/MQTT    ( 5130): logging.c(325) log__vprintf: 	/v1/client/response/B827EB01-5793-1111-1111-111111111111 (QoS 1)
I/MQTT    ( 5130): logging.c(325) log__vprintf: Emitting Signal
I/MQTT    ( 5113): st-broker-handler.c: on_subscribe(360) > on_subscribe callback
D/MQTT    ( 5130): INFO: Following log entry could not be sorted and is out of order.
D/MQTT    ( 5130): logging.c(325) log__vprintf: Sending SUBACK to cs-mqtt-client_2635190390
D/MQTT    ( 5130): logging.c(325) log__vprintf: Received SUBSCRIBE from cs-mqtt-client_2635190390
D/MQTT    ( 5130): logging.c(325) log__vprintf: 	/v1/client/noti/B827EB01-5793-1111-1111-111111111111 (QoS 1)
I/MQTT    ( 5130): logging.c(325) log__vprintf: Emitting Signal
I/MQTT    ( 5113): st-broker-handler.c: on_subscribe(360) > on_subscribe callback
D/MQTT    ( 5130): INFO: Following log entry could not be sorted and is out of order.
D/MQTT    ( 5130): logging.c(325) log__vprintf: Sending SUBACK to cs-mqtt-client_2635190390
D/MQTT    ( 5130): logging.c(325) log__vprintf: Received SUBSCRIBE from cs-mqtt-client_2635190390
D/MQTT    ( 5130): logging.c(325) log__vprintf: 	/v1/cs/hub/info (QoS 1)
I/MQTT    ( 5130): logging.c(325) log__vprintf: Emitting Signal
I/MQTT    ( 5113): st-broker-handler.c: on_subscribe(360) > on_subscribe callback
D/MQTT    ( 5130): INFO: Following log entry could not be sorted and is out of order.
D/MQTT    ( 5130): logging.c(325) log__vprintf: Sending SUBACK to cs-mqtt-client_2635190390
D/MQTT    ( 5130): logging.c(325) log__vprintf: Received PUBLISH from cs-mqtt-client_2068602178 (d0, q1, r0, m73, '/v1/cs/hub/info', ... (218 bytes))
I/MQTT    ( 5130): logging.c(325) log__vprintf: Emitting Signal
I/MQTT    ( 5113): st-broker-handler.c: on_publish(196) > on_publish callback start
D/MQTT    ( 5130): INFO: Following log entry could not be sorted and is out of order.
D/MQTT    ( 5130): logging.c(325) log__vprintf: Sending PUBACK to cs-mqtt-client_2068602178 (m73, rc0)
D/MQTT    ( 5130): logging.c(325) log__vprintf: Sending PUBLISH to cs-mqtt-client_2330768733 (d0, q1, r0, m33, '/v1/cs/hub/info', ... (218 bytes))
D/MQTT    ( 5130): logging.c(325) log__vprintf: Sending PUBLISH to cs-mqtt-client_2635190390 (d0, q1, r0, m1, '/v1/cs/hub/info', ... (218 bytes))
D/MQTT    ( 5130): logging.c(325) log__vprintf: Received PUBACK from cs-mqtt-client_2330768733 (Mid: 33, RC:0)
D/MQTT    ( 5130): logging.c(325) log__vprintf: Received PUBACK from cs-mqtt-client_2635190390 (Mid: 1, RC:0)
D/MQTT    ( 5130): logging.c(325) log__vprintf: Received PUBLISH from cs-mqtt-client_2635190390 (d0, q1, r0, m6, '/v1/cs/request/B827EB62-1721-1111-1111-111111111111', ... (356 bytes))
I/MQTT    ( 5130): logging.c(325) log__vprintf: Emitting Signal
I/MQTT    ( 5113): st-broker-handler.c: on_publish(196) > on_publish callback start
D/MQTT    ( 5130): INFO: Following log entry could not be sorted and is out of order.
D/MQTT    ( 5130): logging.c(325) log__vprintf: Sending PUBACK to cs-mqtt-client_2635190390 (m6, rc0)
D/MQTT    ( 5130): logging.c(325) log__vprintf: Sending PUBLISH to cs-mqtt-client_2068602178 (d0, q1, r0, m9, '/v1/cs/request/B827EB62-1721-1111-1111-111111111111', ... (356 bytes))
D/MQTT    ( 5130): logging.c(325) log__vprintf: Received PUBACK from cs-mqtt-client_2068602178 (Mid: 9, RC:0)
D/MQTT    ( 5130): logging.c(325) log__vprintf: Received PUBLISH from cs-mqtt-client_2068602178 (d0, q1, r0, m74, '/v1/client/response/B827EB01-5793-1111-1111-111111111111', ... (224 bytes))
I/MQTT    ( 5130): logging.c(325) log__vprintf: Emitting Signal
D/MQTT    ( 5130): logging.c(325) log__vprintf: Sending PUBACK to cs-mqtt-client_2068602178 (m74, rc0)
D/MQTT    ( 5130): logging.c(325) log__vprintf: Sending PUBLISH to cs-mqtt-client_2635190390 (d0, q1, r0, m2, '/v1/client/response/B827EB01-5793-1111-1111-111111111111', ... (224 bytes))
I/MQTT    ( 5113): st-broker-handler.c: on_publish(196) > on_publish callback start
D/MQTT    ( 5130): logging.c(325) log__vprintf: Received PUBACK from cs-mqtt-client_2635190390 (Mid: 2, RC:0)
D/MQTT    ( 5130): logging.c(325) log__vprintf: Received PUBLISH from cs-mqtt-client_2068602178 (d0, q1, r0, m75, '/v1/client/request/B827EB01-5793-1111-1111-111111111111', ... (165 bytes))
I/MQTT    ( 5130): logging.c(325) log__vprintf: Emitting Signal
I/MQTT    ( 5113): st-broker-handler.c: on_publish(196) > on_publish callback start
D/MQTT    ( 5130): INFO: Following log entry could not be sorted and is out of order.
D/MQTT    ( 5130): logging.c(325) log__vprintf: Sending PUBACK to cs-mqtt-client_2068602178 (m75, rc0)
D/MQTT    ( 5130): logging.c(325) log__vprintf: Sending PUBLISH to cs-mqtt-client_2635190390 (d0, q1, r0, m3, '/v1/client/request/B827EB01-5793-1111-1111-111111111111', ... (165 bytes))
D/MQTT    ( 5130): logging.c(325) log__vprintf: Received PUBACK from cs-mqtt-client_2635190390 (Mid: 3, RC:0)
D/MQTT    ( 5130): logging.c(325) log__vprintf: Received PUBLISH from cs-mqtt-client_2635190390 (d0, q1, r0, m7, '/v1/cs/response/B827EB62-1721-1111-1111-111111111111', ... (197 bytes))
I/MQTT    ( 5130): logging.c(325) log__vprintf: Emitting Signal
I/MQTT    ( 5113): st-broker-handler.c: on_publish(196) > on_publish callback start
D/MQTT    ( 5130): INFO: Following log entry could not be sorted and is out of order.
D/MQTT    ( 5130): logging.c(325) log__vprintf: Sending PUBACK to cs-mqtt-client_2635190390 (m7, rc0)
D/MQTT    ( 5130): logging.c(325) log__vprintf: Sending PUBLISH to cs-mqtt-client_2068602178 (d0, q1, r0, m10, '/v1/cs/response/B827EB62-1721-1111-1111-111111111111', ... (197 bytes))
D/MQTT    ( 5130): logging.c(325) log__vprintf: Received PUBACK from cs-mqtt-client_2068602178 (Mid: 10, RC:0)
D/MQTT    ( 5130): logging.c(325) log__vprintf: Received PUBLISH from cs-mqtt-client_2068602178 (d0, q1, r0, m76, '/v1/cs/hub/info', ... (218 bytes))
I/MQTT    ( 5130): logging.c(325) log__vprintf: Emitting Signal
D/MQTT    ( 5130): logging.c(325) log__vprintf: Sending PUBACK to cs-mqtt-client_2068602178 (m76, rc0)
D/MQTT    ( 5130): logging.c(325) log__vprintf: Sending PUBLISH to cs-mqtt-client_2330768733 (d0, q1, r0, m34, '/v1/cs/hub/info', ... (218 bytes))
D/MQTT    ( 5130): logging.c(325) log__vprintf: Sending PUBLISH to cs-mqtt-client_2635190390 (d0, q1, r0, m4, '/v1/cs/hub/info', ... (218 bytes))
I/MQTT    ( 5113): st-broker-handler.c: on_publish(196) > on_publish callback start
D/MQTT    ( 5130): logging.c(325) log__vprintf: Received PUBACK from cs-mqtt-client_2330768733 (Mid: 34, RC:0)
D/MQTT    ( 5130): logging.c(325) log__vprintf: Received PUBACK from cs-mqtt-client_2635190390 (Mid: 4, RC:0)
D/MQTT    ( 5130): logging.c(325) log__vprintf: Received PUBLISH from cs-mqtt-client_2068602178 (d0, q1, r0, m77, '/v1/cs/hub/info', ... (218 bytes))
I/MQTT    ( 5130): logging.c(325) log__vprintf: Emitting Signal
D/MQTT    ( 5130): logging.c(325) log__vprintf: Sending PUBACK to cs-mqtt-client_2068602178 (m77, rc0)
D/MQTT    ( 5130): logging.c(325) log__vprintf: Sending PUBLISH to cs-mqtt-client_2330768733 (d0, q1, r0, m35, '/v1/cs/hub/info', ... (218 bytes))
D/MQTT    ( 5130): logging.c(325) log__vprintf: Sending PUBLISH to cs-mqtt-client_2635190390 (d0, q1, r0, m5, '/v1/cs/hub/info', ... (218 bytes))
I/MQTT    ( 5113): st-broker-handler.c: on_publish(196) > on_publish callback start
D/MQTT    ( 5130): logging.c(325) log__vprintf: Received PUBACK from cs-mqtt-client_2330768733 (Mid: 35, RC:0)
D/MQTT    ( 5130): logging.c(325) log__vprintf: Received PUBACK from cs-mqtt-client_2635190390 (Mid: 5, RC:0)
D/MQTT    ( 5130): logging.c(325) log__vprintf: Received PUBLISH from cs-mqtt-client_2068602178 (d0, q1, r0, m78, '/v1/cs/hub/info', ... (218 bytes))
I/MQTT    ( 5130): logging.c(325) log__vprintf: Emitting Signal
D/MQTT    ( 5130): logging.c(325) log__vprintf: Sending PUBACK to cs-mqtt-client_2068602178 (m78, rc0)
D/MQTT    ( 5130): logging.c(325) log__vprintf: Sending PUBLISH to cs-mqtt-client_2330768733 (d0, q1, r0, m36, '/v1/cs/hub/info', ... (218 bytes))
D/MQTT    ( 5130): logging.c(325) log__vprintf: Sending PUBLISH to cs-mqtt-client_2635190390 (d0, q1, r0, m6, '/v1/cs/hub/info', ... (218 bytes))
I/MQTT    ( 5113): st-broker-handler.c: on_publish(196) > on_publish callback start
D/MQTT    ( 5130): logging.c(325) log__vprintf: Received PUBACK from cs-mqtt-client_2330768733 (Mid: 36, RC:0)
D/MQTT    ( 5130): logging.c(325) log__vprintf: Received PUBACK from cs-mqtt-client_2635190390 (Mid: 6, RC:0)
I/MQTT    ( 5113): st-broker-handler.c: on_publish(196) > on_publish callback start
D/MQTT    ( 5130): INFO: Following log entry could not be sorted and is out of order.
D/MQTT    ( 5130): logging.c(325) log__vprintf: Received PUBLISH from cs-mqtt-client_2068602178 (d0, q1, r0, m79, '/v1/cs/hub/info', ... (218 bytes))
I/MQTT    ( 5130): logging.c(325) log__vprintf: Emitting Signal
D/MQTT    ( 5130): logging.c(325) log__vprintf: Sending PUBACK to cs-mqtt-client_2068602178 (m79, rc0)
D/MQTT    ( 5130): logging.c(325) log__vprintf: Sending PUBLISH to cs-mqtt-client_2330768733 (d0, q1, r0, m37, '/v1/cs/hub/info', ... (218 bytes))
D/MQTT    ( 5130): logging.c(325) log__vprintf: Sending PUBLISH to cs-mqtt-client_2635190390 (d0, q1, r0, m7, '/v1/cs/hub/info', ... (218 bytes))
D/MQTT    ( 5130): logging.c(325) log__vprintf: Received PUBACK from cs-mqtt-client_2330768733 (Mid: 37, RC:0)
D/MQTT    ( 5130): logging.c(325) log__vprintf: Received PUBACK from cs-mqtt-client_2635190390 (Mid: 7, RC:0)
I/MQTT    ( 5113): st-broker-handler.c: on_publish(196) > on_publish callback start
D/MQTT    ( 5130): INFO: Following log entry could not be sorted and is out of order.
D/MQTT    ( 5130): logging.c(325) log__vprintf: Received PUBLISH from cs-mqtt-client_2068602178 (d0, q1, r0, m80, '/v1/cs/hub/info', ... (218 bytes))
I/MQTT    ( 5130): logging.c(325) log__vprintf: Emitting Signal
D/MQTT    ( 5130): logging.c(325) log__vprintf: Sending PUBACK to cs-mqtt-client_2068602178 (m80, rc0)
D/MQTT    ( 5130): logging.c(325) log__vprintf: Sending PUBLISH to cs-mqtt-client_2330768733 (d0, q1, r0, m38, '/v1/cs/hub/info', ... (218 bytes))
D/MQTT    ( 5130): logging.c(325) log__vprintf: Sending PUBLISH to cs-mqtt-client_2635190390 (d0, q1, r0, m8, '/v1/cs/hub/info', ... (218 bytes))
D/MQTT    ( 5130): logging.c(325) log__vprintf: Received PUBACK from cs-mqtt-client_2330768733 (Mid: 38, RC:0)
D/MQTT    ( 5130): logging.c(325) log__vprintf: Received PUBACK from cs-mqtt-client_2635190390 (Mid: 8, RC:0)
I/MQTT    ( 5113): st-broker-handler.c: on_publish(196) > on_publish callback start
D/MQTT    ( 5130): INFO: Following log entry could not be sorted and is out of order.
D/MQTT    ( 5130): logging.c(325) log__vprintf: Received PUBLISH from cs-mqtt-client_2068602178 (d0, q1, r0, m81, '/v1/cs/hub/info', ... (218 bytes))
I/MQTT    ( 5130): logging.c(325) log__vprintf: Emitting Signal
D/MQTT    ( 5130): logging.c(325) log__vprintf: Sending PUBACK to cs-mqtt-client_2068602178 (m81, rc0)
D/MQTT    ( 5130): logging.c(325) log__vprintf: Sending PUBLISH to cs-mqtt-client_2330768733 (d0, q1, r0, m39, '/v1/cs/hub/info', ... (218 bytes))
D/MQTT    ( 5130): logging.c(325) log__vprintf: Sending PUBLISH to cs-mqtt-client_2635190390 (d0, q1, r0, m9, '/v1/cs/hub/info', ... (218 bytes))
D/MQTT    ( 5130): logging.c(325) log__vprintf: Received PUBACK from cs-mqtt-client_2330768733 (Mid: 39, RC:0)
D/MQTT    ( 5130): logging.c(325) log__vprintf: Received PUBACK from cs-mqtt-client_2635190390 (Mid: 9, RC:0)
I/MQTT    ( 5113): st-broker-handler.c: on_publish(196) > on_publish callback start
D/MQTT    ( 5130): INFO: Following log entry could not be sorted and is out of order.
D/MQTT    ( 5130): logging.c(325) log__vprintf: Received PUBLISH from cs-mqtt-client_2068602178 (d0, q1, r0, m82, '/v1/cs/hub/info', ... (218 bytes))
I/MQTT    ( 5130): logging.c(325) log__vprintf: Emitting Signal
D/MQTT    ( 5130): logging.c(325) log__vprintf: Sending PUBACK to cs-mqtt-client_2068602178 (m82, rc0)
D/MQTT    ( 5130): logging.c(325) log__vprintf: Sending PUBLISH to cs-mqtt-client_2330768733 (d0, q1, r0, m40, '/v1/cs/hub/info', ... (218 bytes))
D/MQTT    ( 5130): logging.c(325) log__vprintf: Sending PUBLISH to cs-mqtt-client_2635190390 (d0, q1, r0, m10, '/v1/cs/hub/info', ... (218 bytes))
D/MQTT    ( 5130): logging.c(325) log__vprintf: Received PUBACK from cs-mqtt-client_2635190390 (Mid: 10, RC:0)
D/MQTT    ( 5130): logging.c(325) log__vprintf: Received PUBACK from cs-mqtt-client_2330768733 (Mid: 40, RC:0)
I/MQTT    ( 5113): st-broker-handler.c: on_publish(196) > on_publish callback start
D/MQTT    ( 5130): INFO: Following log entry could not be sorted and is out of order.
D/MQTT    ( 5130): logging.c(325) log__vprintf: Received PUBLISH from cs-mqtt-client_2068602178 (d0, q1, r0, m83, '/v1/cs/hub/info', ... (218 bytes))
I/MQTT    ( 5130): logging.c(325) log__vprintf: Emitting Signal
D/MQTT    ( 5130): logging.c(325) log__vprintf: Sending PUBACK to cs-mqtt-client_2068602178 (m83, rc0)
D/MQTT    ( 5130): logging.c(325) log__vprintf: Sending PUBLISH to cs-mqtt-client_2330768733 (d0, q1, r0, m41, '/v1/cs/hub/info', ... (218 bytes))
D/MQTT    ( 5130): logging.c(325) log__vprintf: Sending PUBLISH to cs-mqtt-client_2635190390 (d0, q1, r0, m11, '/v1/cs/hub/info', ... (218 bytes))
D/MQTT    ( 5130): logging.c(325) log__vprintf: Received PUBACK from cs-mqtt-client_2330768733 (Mid: 41, RC:0)
D/MQTT    ( 5130): logging.c(325) log__vprintf: Received PUBACK from cs-mqtt-client_2635190390 (Mid: 11, RC:0)
D/MQTT    ( 5130): logging.c(325) log__vprintf: Received PUBLISH from cs-mqtt-client_2068602178 (d0, q1, r0, m84, '/v1/cs/hub/info', ... (218 bytes))
I/MQTT    ( 5130): logging.c(325) log__vprintf: Emitting Signal
D/MQTT    ( 5130): logging.c(325) log__vprintf: Sending PUBACK to cs-mqtt-client_2068602178 (m84, rc0)
D/MQTT    ( 5130): logging.c(325) log__vprintf: Sending PUBLISH to cs-mqtt-client_2330768733 (d0, q1, r0, m42, '/v1/cs/hub/info', ... (218 bytes))
D/MQTT    ( 5130): logging.c(325) log__vprintf: Sending PUBLISH to cs-mqtt-client_2635190390 (d0, q1, r0, m12, '/v1/cs/hub/info', ... (218 bytes))
I/MQTT    ( 5113): st-broker-handler.c: on_publish(196) > on_publish callback start
D/MQTT    ( 5130): logging.c(325) log__vprintf: Received PUBACK from cs-mqtt-client_2330768733 (Mid: 42, RC:0)
D/MQTT    ( 5130): logging.c(325) log__vprintf: Received PUBACK from cs-mqtt-client_2635190390 (Mid: 12, RC:0)
D/MQTT    ( 5130): logging.c(325) log__vprintf: Received PUBLISH from cs-mqtt-client_2068602178 (d0, q1, r0, m85, '/v1/cs/hub/info', ... (218 bytes))
I/MQTT    ( 5130): logging.c(325) log__vprintf: Emitting Signal
D/MQTT    ( 5130): logging.c(325) log__vprintf: Sending PUBACK to cs-mqtt-client_2068602178 (m85, rc0)
D/MQTT    ( 5130): logging.c(325) log__vprintf: Sending PUBLISH to cs-mqtt-client_2330768733 (d0, q1, r0, m43, '/v1/cs/hub/info', ... (218 bytes))
D/MQTT    ( 5130): logging.c(325) log__vprintf: Sending PUBLISH to cs-mqtt-client_2635190390 (d0, q1, r0, m13, '/v1/cs/hub/info', ... (218 bytes))
I/MQTT    ( 5113): st-broker-handler.c: on_publish(196) > on_publish callback start
D/MQTT    ( 5130): logging.c(325) log__vprintf: Received PUBACK from cs-mqtt-client_2330768733 (Mid: 43, RC:0)
D/MQTT    ( 5130): logging.c(325) log__vprintf: Received PUBACK from cs-mqtt-client_2635190390 (Mid: 13, RC:0)
D/MQTT    ( 5130): logging.c(325) log__vprintf: Received PUBLISH from cs-mqtt-client_2068602178 (d0, q1, r0, m86, '/v1/cs/hub/info', ... (218 bytes))
I/MQTT    ( 5130): logging.c(325) log__vprintf: Emitting Signal
D/MQTT    ( 5130): logging.c(325) log__vprintf: Sending PUBACK to cs-mqtt-client_2068602178 (m86, rc0)
D/MQTT    ( 5130): logging.c(325) log__vprintf: Sending PUBLISH to cs-mqtt-client_2330768733 (d0, q1, r0, m44, '/v1/cs/hub/info', ... (218 bytes))
D/MQTT    ( 5130): logging.c(325) log__vprintf: Sending PUBLISH to cs-mqtt-client_2635190390 (d0, q1, r0, m14, '/v1/cs/hub/info', ... (218 bytes))
I/MQTT    ( 5113): st-broker-handler.c: on_publish(196) > on_publish callback start
D/MQTT    ( 5130): logging.c(325) log__vprintf: Received PUBACK from cs-mqtt-client_2330768733 (Mid: 44, RC:0)
D/MQTT    ( 5130): logging.c(325) log__vprintf: Received PUBACK from cs-mqtt-client_2635190390 (Mid: 14, RC:0)
D/MQTT    ( 5130): logging.c(325) log__vprintf: Received PUBLISH from cs-mqtt-client_2068602178 (d0, q1, r0, m87, '/v1/cs/hub/info', ... (218 bytes))
I/MQTT    ( 5130): logging.c(325) log__vprintf: Emitting Signal
D/MQTT    ( 5130): logging.c(325) log__vprintf: Sending PUBACK to cs-mqtt-client_2068602178 (m87, rc0)
D/MQTT    ( 5130): logging.c(325) log__vprintf: Sending PUBLISH to cs-mqtt-client_2330768733 (d0, q1, r0, m45, '/v1/cs/hub/info', ... (218 bytes))
D/MQTT    ( 5130): logging.c(325) log__vprintf: Sending PUBLISH to cs-mqtt-client_2635190390 (d0, q1, r0, m15, '/v1/cs/hub/info', ... (218 bytes))
I/MQTT    ( 5113): st-broker-handler.c: on_publish(196) > on_publish callback start
D/MQTT    ( 5130): logging.c(325) log__vprintf: Received PUBACK from cs-mqtt-client_2635190390 (Mid: 15, RC:0)
D/MQTT    ( 5130): logging.c(325) log__vprintf: Received PUBACK from cs-mqtt-client_2330768733 (Mid: 45, RC:0)
D/MQTT    ( 5130): logging.c(325) log__vprintf: Received PUBLISH from cs-mqtt-client_2068602178 (d0, q1, r0, m88, '/v1/cs/hub/info', ... (218 bytes))
I/MQTT    ( 5130): logging.c(325) log__vprintf: Emitting Signal
D/MQTT    ( 5130): logging.c(325) log__vprintf: Sending PUBACK to cs-mqtt-client_2068602178 (m88, rc0)
D/MQTT    ( 5130): logging.c(325) log__vprintf: Sending PUBLISH to cs-mqtt-client_2330768733 (d0, q1, r0, m46, '/v1/cs/hub/info', ... (218 bytes))
D/MQTT    ( 5130): logging.c(325) log__vprintf: Sending PUBLISH to cs-mqtt-client_2635190390 (d0, q1, r0, m16, '/v1/cs/hub/info', ... (218 bytes))
I/MQTT    ( 5113): st-broker-handler.c: on_publish(196) > on_publish callback start
D/MQTT    ( 5130): logging.c(325) log__vprintf: Received PUBACK from cs-mqtt-client_2635190390 (Mid: 16, RC:0)
D/MQTT    ( 5130): logging.c(325) log__vprintf: Received PUBACK from cs-mqtt-client_2330768733 (Mid: 46, RC:0)
D/MQTT    ( 5130): logging.c(325) log__vprintf: Received PUBLISH from cs-mqtt-client_2068602178 (d0, q1, r0, m89, '/v1/cs/hub/info', ... (218 bytes))
I/MQTT    ( 5130): logging.c(325) log__vprintf: Emitting Signal
D/MQTT    ( 5130): logging.c(325) log__vprintf: Sending PUBACK to cs-mqtt-client_2068602178 (m89, rc0)
D/MQTT    ( 5130): logging.c(325) log__vprintf: Sending PUBLISH to cs-mqtt-client_2330768733 (d0, q1, r0, m47, '/v1/cs/hub/info', ... (218 bytes))
D/MQTT    ( 5130): logging.c(325) log__vprintf: Sending PUBLISH to cs-mqtt-client_2635190390 (d0, q1, r0, m17, '/v1/cs/hub/info', ... (218 bytes))
I/MQTT    ( 5113): st-broker-handler.c: on_publish(196) > on_publish callback start
D/MQTT    ( 5130): logging.c(325) log__vprintf: Received PUBACK from cs-mqtt-client_2330768733 (Mid: 47, RC:0)
D/MQTT    ( 5130): logging.c(325) log__vprintf: Received PUBACK from cs-mqtt-client_2635190390 (Mid: 17, RC:0)
I/MQTT    ( 5113): st-broker-handler.c: on_publish(196) > on_publish callback start
D/MQTT    ( 5130): INFO: Following log entry could not be sorted and is out of order.
D/MQTT    ( 5130): logging.c(325) log__vprintf: Received PUBLISH from cs-mqtt-client_2068602178 (d0, q1, r0, m90, '/v1/cs/hub/info', ... (218 bytes))
I/MQTT    ( 5130): logging.c(325) log__vprintf: Emitting Signal
D/MQTT    ( 5130): logging.c(325) log__vprintf: Sending PUBACK to cs-mqtt-client_2068602178 (m90, rc0)
D/MQTT    ( 5130): logging.c(325) log__vprintf: Sending PUBLISH to cs-mqtt-client_2330768733 (d0, q1, r0, m48, '/v1/cs/hub/info', ... (218 bytes))
D/MQTT    ( 5130): logging.c(325) log__vprintf: Sending PUBLISH to cs-mqtt-client_2635190390 (d0, q1, r0, m18, '/v1/cs/hub/info', ... (218 bytes))
D/MQTT    ( 5130): logging.c(325) log__vprintf: Received PUBACK from cs-mqtt-client_2330768733 (Mid: 48, RC:0)
D/MQTT    ( 5130): logging.c(325) log__vprintf: Received PUBACK from cs-mqtt-client_2635190390 (Mid: 18, RC:0)
D/MQTT    ( 5130): logging.c(325) log__vprintf: Received PUBLISH from cs-mqtt-client_2068602178 (d0, q1, r0, m91, '/v1/cs/hub/info', ... (218 bytes))
I/MQTT    ( 5130): logging.c(325) log__vprintf: Emitting Signal
D/MQTT    ( 5130): logging.c(325) log__vprintf: Sending PUBACK to cs-mqtt-client_2068602178 (m91, rc0)
D/MQTT    ( 5130): logging.c(325) log__vprintf: Sending PUBLISH to cs-mqtt-client_2330768733 (d0, q1, r0, m49, '/v1/cs/hub/info', ... (218 bytes))
D/MQTT    ( 5130): logging.c(325) log__vprintf: Sending PUBLISH to cs-mqtt-client_2635190390 (d0, q1, r0, m19, '/v1/cs/hub/info', ... (218 bytes))
I/MQTT    ( 5113): st-broker-handler.c: on_publish(196) > on_publish callback start
D/MQTT    ( 5130): logging.c(325) log__vprintf: Received PUBACK from cs-mqtt-client_2330768733 (Mid: 49, RC:0)
D/MQTT    ( 5130): logging.c(325) log__vprintf: Received PUBACK from cs-mqtt-client_2635190390 (Mid: 19, RC:0)
I/MQTT    ( 5113): st-broker-handler.c: on_publish(196) > on_publish callback start
D/MQTT    ( 5130): INFO: Following log entry could not be sorted and is out of order.
D/MQTT    ( 5130): logging.c(325) log__vprintf: Received PUBLISH from cs-mqtt-client_2068602178 (d0, q1, r0, m92, '/v1/cs/hub/info', ... (218 bytes))
I/MQTT    ( 5130): logging.c(325) log__vprintf: Emitting Signal
D/MQTT    ( 5130): logging.c(325) log__vprintf: Sending PUBACK to cs-mqtt-client_2068602178 (m92, rc0)
D/MQTT    ( 5130): logging.c(325) log__vprintf: Sending PUBLISH to cs-mqtt-client_2330768733 (d0, q1, r0, m50, '/v1/cs/hub/info', ... (218 bytes))
D/MQTT    ( 5130): logging.c(325) log__vprintf: Sending PUBLISH to cs-mqtt-client_2635190390 (d0, q1, r0, m20, '/v1/cs/hub/info', ... (218 bytes))
D/MQTT    ( 5130): logging.c(325) log__vprintf: Received PUBACK from cs-mqtt-client_2330768733 (Mid: 50, RC:0)
D/MQTT    ( 5130): logging.c(325) log__vprintf: Received PUBACK from cs-mqtt-client_2635190390 (Mid: 20, RC:0)
I/MQTT    ( 5113): st-broker-handler.c: on_publish(196) > on_publish callback start
D/MQTT    ( 5130): INFO: Following log entry could not be sorted and is out of order.
D/MQTT    ( 5130): logging.c(325) log__vprintf: Received PUBLISH from cs-mqtt-client_2068602178 (d0, q1, r0, m93, '/v1/cs/hub/info', ... (218 bytes))
I/MQTT    ( 5130): logging.c(325) log__vprintf: Emitting Signal
D/MQTT    ( 5130): logging.c(325) log__vprintf: Sending PUBACK to cs-mqtt-client_2068602178 (m93, rc0)
D/MQTT    ( 5130): logging.c(325) log__vprintf: Sending PUBLISH to cs-mqtt-client_2330768733 (d0, q1, r0, m51, '/v1/cs/hub/info', ... (218 bytes))
D/MQTT    ( 5130): logging.c(325) log__vprintf: Sending PUBLISH to cs-mqtt-client_2635190390 (d0, q1, r0, m21, '/v1/cs/hub/info', ... (218 bytes))
D/MQTT    ( 5130): logging.c(325) log__vprintf: Received PUBACK from cs-mqtt-client_2330768733 (Mid: 51, RC:0)
D/MQTT    ( 5130): logging.c(325) log__vprintf: Received PUBACK from cs-mqtt-client_2635190390 (Mid: 21, RC:0)
I/MQTT    ( 5113): st-broker-handler.c: on_publish(196) > on_publish callback start
D/MQTT    ( 5130): INFO: Following log entry could not be sorted and is out of order.
D/MQTT    ( 5130): logging.c(325) log__vprintf: Received PUBLISH from cs-mqtt-client_2068602178 (d0, q1, r0, m94, '/v1/cs/hub/info', ... (218 bytes))
I/MQTT    ( 5130): logging.c(325) log__vprintf: Emitting Signal
D/MQTT    ( 5130): logging.c(325) log__vprintf: Sending PUBACK to cs-mqtt-client_2068602178 (m94, rc0)
D/MQTT    ( 5130): logging.c(325) log__vprintf: Sending PUBLISH to cs-mqtt-client_2330768733 (d0, q1, r0, m52, '/v1/cs/hub/info', ... (218 bytes))
D/MQTT    ( 5130): logging.c(325) log__vprintf: Sending PUBLISH to cs-mqtt-client_2635190390 (d0, q1, r0, m22, '/v1/cs/hub/info', ... (218 bytes))
D/MQTT    ( 5130): logging.c(325) log__vprintf: Received PUBACK from cs-mqtt-client_2330768733 (Mid: 52, RC:0)
D/MQTT    ( 5130): logging.c(325) log__vprintf: Received PUBACK from cs-mqtt-client_2635190390 (Mid: 22, RC:0)
D/MQTT    ( 5130): logging.c(325) log__vprintf: Received PUBLISH from cs-mqtt-client_2068602178 (d0, q1, r0, m95, '/v1/cs/hub/info', ... (218 bytes))
I/MQTT    ( 5130): logging.c(325) log__vprintf: Emitting Signal
D/MQTT    ( 5130): logging.c(325) log__vprintf: Sending PUBACK to cs-mqtt-client_2068602178 (m95, rc0)
D/MQTT    ( 5130): logging.c(325) log__vprintf: Sending PUBLISH to cs-mqtt-client_2330768733 (d0, q1, r0, m53, '/v1/cs/hub/info', ... (218 bytes))
D/MQTT    ( 5130): logging.c(325) log__vprintf: Sending PUBLISH to cs-mqtt-client_2635190390 (d0, q1, r0, m23, '/v1/cs/hub/info', ... (218 bytes))
I/MQTT    ( 5113): st-broker-handler.c: on_publish(196) > on_publish callback start
D/MQTT    ( 5130): logging.c(325) log__vprintf: Received PUBACK from cs-mqtt-client_2330768733 (Mid: 53, RC:0)
D/MQTT    ( 5130): logging.c(325) log__vprintf: Received PUBACK from cs-mqtt-client_2635190390 (Mid: 23, RC:0)
D/MQTT    ( 5130): logging.c(325) log__vprintf: Received PUBLISH from cs-mqtt-client_2068602178 (d0, q1, r0, m96, '/v1/cs/hub/info', ... (218 bytes))
I/MQTT    ( 5130): logging.c(325) log__vprintf: Emitting Signal
D/MQTT    ( 5130): logging.c(325) log__vprintf: Sending PUBACK to cs-mqtt-client_2068602178 (m96, rc0)
