I/MQTT    ( 5113): st-broker-handler.c: on_publish(196) > on_publish callback start
D/MQTT    ( 5130): INFO: Following log entry could not be sorted and is out of order.
D/MQTT    ( 5130): logging.c(325) log__vprintf: Sending PUBLISH to cs-mqtt-client_2330768733 (d0, q1, r0, m54, '/v1/cs/hub/info', ... (218 bytes))
D/MQTT    ( 5130): logging.c(325) log__vprintf: Sending PUBLISH to cs-mqtt-client_2635190390 (d0, q1, r0, m24, '/v1/cs/hub/info', ... (218 bytes))
D/MQTT    ( 5130): logging.c(325) log__vprintf: Received PUBACK from cs-mqtt-client_2635190390 (Mid: 24, RC:0)
D/MQTT    ( 5130): logging.c(325) log__vprintf: Received PUBACK from cs-mqtt-client_2330768733 (Mid: 54, RC:0)
D/MQTT    ( 5130): logging.c(325) log__vprintf: Received PUBLISH from cs-mqtt-client_2068602178 (d0, q1, r0, m97, '/v1/cs/hub/info', ... (218 bytes))
I/MQTT    ( 5130): logging.c(325) log__vprintf: Emitting Signal
D/MQTT    ( 5130): logging.c(325) log__vprintf: Sending PUBACK to cs-mqtt-client_2068602178 (m97, rc0)
D/MQTT    ( 5130): logging.c(325) log__vprintf: Sending PUBLISH to cs-mqtt-client_2330768733 (d0, q1, r0, m55, '/v1/cs/hub/info', ... (218 bytes))
D/MQTT    ( 5130): logging.c(325) log__vprintf: Sending PUBLISH to cs-mqtt-client_2635190390 (d0, q1, r0, m25, '/v1/cs/hub/info', ... (218 bytes))
I/MQTT    ( 5113): st-broker-handler.c: on_publish(196) > on_publish callback start
D/MQTT    ( 5130): logging.c(325) log__vprintf: Received PUBACK from cs-mqtt-client_2330768733 (Mid: 55, RC:0)
D/MQTT    ( 5130): logging.c(325) log__vprintf: Received PUBACK from cs-mqtt-client_2635190390 (Mid: 25, RC:0)
I/MQTT    ( 5130): logging.c(325) log__vprintf: Saving in-memory database to ./mosquitto.db.
D/MQTT    ( 5130): logging.c(325) log__vprintf: Received PUBLISH from cs-mqtt-client_2068602178 (d0, q1, r0, m98, '/v1/cs/hub/info', ... (218 bytes))
I/MQTT    ( 5130): logging.c(325) log__vprintf: Emitting Signal
I/MQTT    ( 5113): st-broker-handler.c: on_publish(196) > on_publish callback start
D/MQTT    ( 5130): INFO: Following log entry could not be sorted and is out of order.
D/MQTT    ( 5130): logging.c(325) log__vprintf: Sending PUBACK to cs-mqtt-client_2068602178 (m98, rc0)
D/MQTT    ( 5130): logging.c(325) log__vprintf: Sending PUBLISH to cs-mqtt-client_2330768733 (d0, q1, r0, m56, '/v1/cs/hub/info', ... (218 bytes))
D/MQTT    ( 5130): logging.c(325) log__vprintf: Sending PUBLISH to cs-mqtt-client_2635190390 (d0, q1, r0, m26, '/v1/cs/hub/info', ... (218 bytes))
D/MQTT    ( 5130): logging.c(325) log__vprintf: Received PUBACK from cs-mqtt-client_2330768733 (Mid: 56, RC:0)
D/MQTT    ( 5130): logging.c(325) log__vprintf: Received PUBACK from cs-mqtt-client_2635190390 (Mid: 26, RC:0)
D/MQTT    ( 5130): logging.c(325) log__vprintf: Received PINGREQ from mosq-zPPbdjAYU6NiA0RNJn
D/MQTT    ( 5130): logging.c(325) log__vprintf: Sending PINGRESP to mosq-zPPbdjAYU6NiA0RNJn
I/MQTT    ( 5113): st-broker-handler.c: on_publish(196) > on_publish callback start
D/MQTT    ( 5130): INFO: Following log entry could not be sorted and is out of order.
D/MQTT    ( 5130): logging.c(325) log__vprintf: Received PUBLISH from cs-mqtt-client_2068602178 (d0, q1, r0, m99, '/v1/cs/hub/info', ... (218 bytes))
I/MQTT    ( 5130): logging.c(325) log__vprintf: Emitting Signal
D/MQTT    ( 5130): logging.c(325) log__vprintf: Sending PUBACK to cs-mqtt-client_2068602178 (m99, rc0)
D/MQTT    ( 5130): logging.c(325) log__vprintf: Sending PUBLISH to cs-mqtt-client_2330768733 (d0, q1, r0, m57, '/v1/cs/hub/info', ... (218 bytes))
D/MQTT    ( 5130): logging.c(325) log__vprintf: Sending PUBLISH to cs-mqtt-client_2635190390 (d0, q1, r0, m27, '/v1/cs/hub/info', ... (218 bytes))
D/MQTT    ( 5130): logging.c(325) log__vprintf: Received PUBACK from cs-mqtt-client_2330768733 (Mid: 57, RC:0)
D/MQTT    ( 5130): logging.c(325) log__vprintf: Received PUBACK from cs-mqtt-client_2635190390 (Mid: 27, RC:0)
D/MQTT    ( 5130): logging.c(325) log__vprintf: Received PUBLISH from cs-mqtt-client_2068602178 (d0, q1, r0, m100, '/v1/cs/hub/info', ... (218 bytes))
I/MQTT    ( 5130): logging.c(325) log__vprintf: Emitting Signal
D/MQTT    ( 5130): logging.c(325) log__vprintf: Sending PUBACK to cs-mqtt-client_2068602178 (m100, rc0)
D/MQTT    ( 5130): logging.c(325) log__vprintf: Sending PUBLISH to cs-mqtt-client_2330768733 (d0, q1, r0, m58, '/v1/cs/hub/info', ... (218 bytes))
D/MQTT    ( 5130): logging.c(325) log__vprintf: Sending PUBLISH to cs-mqtt-client_2635190390 (d0, q1, r0, m28, '/v1/cs/hub/info', ... (218 bytes))
I/MQTT    ( 5113): st-broker-handler.c: on_publish(196) > on_publish callback start
D/MQTT    ( 5130): logging.c(325) log__vprintf: Received PUBACK from cs-mqtt-client_2330768733 (Mid: 58, RC:0)
D/MQTT    ( 5130): logging.c(325) log__vprintf: Received PUBACK from cs-mqtt-client_2635190390 (Mid: 28, RC:0)
D/MQTT    ( 5130): logging.c(325) log__vprintf: Received PUBLISH from cs-mqtt-client_2068602178 (d0, q1, r0, m101, '/v1/cs/hub/info', ... (218 bytes))
I/MQTT    ( 5130): logging.c(325) log__vprintf: Emitting Signal
D/MQTT    ( 5130): logging.c(325) log__vprintf: Sending PUBACK to cs-mqtt-client_2068602178 (m101, rc0)
D/MQTT    ( 5130): logging.c(325) log__vprintf: Sending PUBLISH to cs-mqtt-client_2330768733 (d0, q1, r0, m59, '/v1/cs/hub/info', ... (218 bytes))
D/MQTT    ( 5130): logging.c(325) log__vprintf: Sending PUBLISH to cs-mqtt-client_2635190390 (d0, q1, r0, m29, '/v1/cs/hub/info', ... (218 bytes))
I/MQTT    ( 5113): st-broker-handler.c: on_publish(196) > on_publish callback start
D/MQTT    ( 5130): logging.c(325) log__vprintf: Received PUBACK from cs-mqtt-client_2330768733 (Mid: 59, RC:0)
D/MQTT    ( 5130): logging.c(325) log__vprintf: Received PUBACK from cs-mqtt-client_2635190390 (Mid: 29, RC:0)
D/MQTT    ( 5130): logging.c(325) log__vprintf: Received PUBLISH from cs-mqtt-client_2068602178 (d0, q1, r0, m102, '/v1/cs/hub/info', ... (218 bytes))
I/MQTT    ( 5130): logging.c(325) log__vprintf: Emitting Signal
D/MQTT    ( 5130): logging.c(325) log__vprintf: Sending PUBACK to cs-mqtt-client_2068602178 (m102, rc0)
D/MQTT    ( 5130): logging.c(325) log__vprintf: Sending PUBLISH to cs-mqtt-client_2330768733 (d0, q1, r0, m60, '/v1/cs/hub/info', ... (218 bytes))
D/MQTT    ( 5130): logging.c(325) log__vprintf: Sending PUBLISH to cs-mqtt-client_2635190390 (d0, q1, r0, m30, '/v1/cs/hub/info', ... (218 bytes))
I/MQTT    ( 5113): st-broker-handler.c: on_publish(196) > on_publish callback start
D/MQTT    ( 5130): logging.c(325) log__vprintf: Received PUBACK from cs-mqtt-client_2330768733 (Mid: 60, RC:0)
D/MQTT    ( 5130): logging.c(325) log__vprintf: Received PUBACK from cs-mqtt-client_2635190390 (Mid: 30, RC:0)
D/MQTT    ( 5130): logging.c(325) log__vprintf: Received PUBLISH from cs-mqtt-client_2068602178 (d0, q1, r0, m103, '/v1/cs/hub/info', ... (218 bytes))
I/MQTT    ( 5130): logging.c(325) log__vprintf: Emitting Signal
I/MQTT    ( 5113): st-broker-handler.c: on_publish(196) > on_publish callback start
D/MQTT    ( 5130): INFO: Following log entry could not be sorted and is out of order.
D/MQTT    ( 5130): logging.c(325) log__vprintf: Sending PUBACK to cs-mqtt-client_2068602178 (m103, rc0)
D/MQTT    ( 5130): logging.c(325) log__vprintf: Sending PUBLISH to cs-mqtt-client_2330768733 (d0, q1, r0, m61, '/v1/cs/hub/info', ... (218 bytes))
D/MQTT    ( 5130): logging.c(325) log__vprintf: Sending PUBLISH to cs-mqtt-client_2635190390 (d0, q1, r0, m31, '/v1/cs/hub/info', ... (218 bytes))
D/MQTT    ( 5130): logging.c(325) log__vprintf: Received PUBACK from cs-mqtt-client_2635190390 (Mid: 31, RC:0)
D/MQTT    ( 5130): logging.c(325) log__vprintf: Received PUBACK from cs-mqtt-client_2330768733 (Mid: 61, RC:0)
D/MQTT    ( 5130): logging.c(325) log__vprintf: Received PUBLISH from cs-mqtt-client_2068602178 (d0, q1, r0, m104, '/v1/cs/hub/info', ... (218 bytes))
I/MQTT    ( 5130): logging.c(325) log__vprintf: Emitting Signal
D/MQTT    ( 5130): logging.c(325) log__vprintf: Sending PUBACK to cs-mqtt-client_2068602178 (m104, rc0)
D/MQTT    ( 5130): logging.c(325) log__vprintf: Sending PUBLISH to cs-mqtt-client_2330768733 (d0, q1, r0, m62, '/v1/cs/hub/info', ... (218 bytes))
D/MQTT    ( 5130): logging.c(325) log__vprintf: Sending PUBLISH to cs-mqtt-client_2635190390 (d0, q1, r0, m32, '/v1/cs/hub/info', ... (218 bytes))
I/MQTT    ( 5113): st-broker-handler.c: on_publish(196) > on_publish callback start
D/MQTT    ( 5130): logging.c(325) log__vprintf: Received PUBACK from cs-mqtt-client_2330768733 (Mid: 62, RC:0)
D/MQTT    ( 5130): logging.c(325) log__vprintf: Received PUBACK from cs-mqtt-client_2635190390 (Mid: 32, RC:0)
D/MQTT    ( 5130): logging.c(325) log__vprintf: Received PUBLISH from cs-mqtt-client_2068602178 (d0, q1, r0, m105, '/v1/cs/hub/info', ... (218 bytes))
I/MQTT    ( 5130): logging.c(325) log__vprintf: Emitting Signal
D/MQTT    ( 5130): logging.c(325) log__vprintf: Sending PUBACK to cs-mqtt-client_2068602178 (m105, rc0)
D/MQTT    ( 5130): logging.c(325) log__vprintf: Sending PUBLISH to cs-mqtt-client_2330768733 (d0, q1, r0, m63, '/v1/cs/hub/info', ... (218 bytes))
D/MQTT    ( 5130): logging.c(325) log__vprintf: Sending PUBLISH to cs-mqtt-client_2635190390 (d0, q1, r0, m33, '/v1/cs/hub/info', ... (218 bytes))
I/MQTT    ( 5113): st-broker-handler.c: on_publish(196) > on_publish callback start
D/MQTT    ( 5130): logging.c(325) log__vprintf: Received PUBACK from cs-mqtt-client_2330768733 (Mid: 63, RC:0)
D/MQTT    ( 5130): logging.c(325) log__vprintf: Received PUBACK from cs-mqtt-client_2635190390 (Mid: 33, RC:0)
D/MQTT    ( 5130): logging.c(325) log__vprintf: Received PUBLISH from cs-mqtt-client_2068602178 (d0, q1, r0, m106, '/v1/cs/hub/info', ... (218 bytes))
I/MQTT    ( 5130): logging.c(325) log__vprintf: Emitting Signal
D/MQTT    ( 5130): logging.c(325) log__vprintf: Sending PUBACK to cs-mqtt-client_2068602178 (m106, rc0)
D/MQTT    ( 5130): logging.c(325) log__vprintf: Sending PUBLISH to cs-mqtt-client_2330768733 (d0, q1, r0, m64, '/v1/cs/hub/info', ... (218 bytes))
D/MQTT    ( 5130): logging.c(325) log__vprintf: Sending PUBLISH to cs-mqtt-client_2635190390 (d0, q1, r0, m34, '/v1/cs/hub/info', ... (218 bytes))
I/MQTT    ( 5113): st-broker-handler.c: on_publish(196) > on_publish callback start
D/MQTT    ( 5130): logging.c(325) log__vprintf: Received PUBACK from cs-mqtt-client_2635190390 (Mid: 34, RC:0)
D/MQTT    ( 5130): logging.c(325) log__vprintf: Received PUBACK from cs-mqtt-client_2330768733 (Mid: 64, RC:0)
D/MQTT    ( 5130): logging.c(325) log__vprintf: Received PUBLISH from cs-mqtt-client_2068602178 (d0, q1, r0, m107, '/v1/cs/hub/info', ... (218 bytes))
I/MQTT    ( 5130): logging.c(325) log__vprintf: Emitting Signal
D/MQTT    ( 5130): logging.c(325) log__vprintf: Sending PUBACK to cs-mqtt-client_2068602178 (m107, rc0)
D/MQTT    ( 5130): logging.c(325) log__vprintf: Sending PUBLISH to cs-mqtt-client_2330768733 (d0, q1, r0, m65, '/v1/cs/hub/info', ... (218 bytes))
D/MQTT    ( 5130): logging.c(325) log__vprintf: Sending PUBLISH to cs-mqtt-client_2635190390 (d0, q1, r0, m35, '/v1/cs/hub/info', ... (218 bytes))
I/MQTT    ( 5113): st-broker-handler.c: on_publish(196) > on_publish callback start
D/MQTT    ( 5130): logging.c(325) log__vprintf: Received PUBACK from cs-mqtt-client_2635190390 (Mid: 35, RC:0)
D/MQTT    ( 5130): logging.c(325) log__vprintf: Received PUBACK from cs-mqtt-client_2330768733 (Mid: 65, RC:0)
D/MQTT    ( 5130): logging.c(325) log__vprintf: Received PUBLISH from cs-mqtt-client_2068602178 (d0, q1, r0, m108, '/v1/cs/hub/info', ... (218 bytes))
I/MQTT    ( 5130): logging.c(325) log__vprintf: Emitting Signal
D/MQTT    ( 5130): logging.c(325) log__vprintf: Sending PUBACK to cs-mqtt-client_2068602178 (m108, rc0)
D/MQTT    ( 5130): logging.c(325) log__vprintf: Sending PUBLISH to cs-mqtt-client_2330768733 (d0, q1, r0, m66, '/v1/cs/hub/info', ... (218 bytes))
D/MQTT    ( 5130): logging.c(325) log__vprintf: Sending PUBLISH to cs-mqtt-client_2635190390 (d0, q1, r0, m36, '/v1/cs/hub/info', ... (218 bytes))
I/MQTT    ( 5113): st-broker-handler.c: on_publish(196) > on_publish callback start
D/MQTT    ( 5130): logging.c(325) log__vprintf: Received PUBACK from cs-mqtt-client_2330768733 (Mid: 66, RC:0)
D/MQTT    ( 5130): logging.c(325) log__vprintf: Received PUBACK from cs-mqtt-client_2635190390 (Mid: 36, RC:0)
D/MQTT    ( 5130): logging.c(325) log__vprintf: Received PUBLISH from cs-mqtt-client_2068602178 (d0, q1, r0, m109, '/v1/cs/hub/info', ... (218 bytes))
I/MQTT    ( 5130): logging.c(325) log__vprintf: Emitting Signal
I/MQTT    ( 5113): st-broker-handler.c: on_publish(196) > on_publish callback start
D/MQTT    ( 5130): logging.c(325) log__vprintf: Sending PUBACK to cs-mqtt-client_2068602178 (m109, rc0)
D/MQTT    ( 5130): logging.c(325) log__vprintf: Sending PUBLISH to cs-mqtt-client_2330768733 (d0, q1, r0, m67, '/v1/cs/hub/info', ... (218 bytes))
D/MQTT    ( 5130): logging.c(325) log__vprintf: Sending PUBLISH to cs-mqtt-client_2635190390 (d0, q1, r0, m37, '/v1/cs/hub/info', ... (218 bytes))
D/MQTT    ( 5130): logging.c(325) log__vprintf: Received PUBACK from cs-mqtt-client_2635190390 (Mid: 37, RC:0)
D/MQTT    ( 5130): logging.c(325) log__vprintf: Received PUBACK from cs-mqtt-client_2330768733 (Mid: 67, RC:0)
D/MQTT    ( 5130): logging.c(325) log__vprintf: Received PUBLISH from cs-mqtt-client_2068602178 (d0, q1, r0, m110, '/v1/cs/hub/info', ... (218 bytes))
I/MQTT    ( 5130): logging.c(325) log__vprintf: Emitting Signal
D/MQTT    ( 5130): logging.c(325) log__vprintf: Sending PUBACK to cs-mqtt-client_2068602178 (m110, rc0)
D/MQTT    ( 5130): logging.c(325) log__vprintf: Sending PUBLISH to cs-mqtt-client_2330768733 (d0, q1, r0, m68, '/v1/cs/hub/info', ... (218 bytes))
D/MQTT    ( 5130): logging.c(325) log__vprintf: Sending PUBLISH to cs-mqtt-client_2635190390 (d0, q1, r0, m38, '/v1/cs/hub/info', ... (218 bytes))
I/MQTT    ( 5113): st-broker-handler.c: on_publish(196) > on_publish callback start
D/MQTT    ( 5130): logging.c(325) log__vprintf: Received PUBACK from cs-mqtt-client_2330768733 (Mid: 68, RC:0)
D/MQTT    ( 5130): logging.c(325) log__vprintf: Received PUBACK from cs-mqtt-client_2635190390 (Mid: 38, RC:0)
D/MQTT    ( 5130): logging.c(325) log__vprintf: Received PUBLISH from cs-mqtt-client_2068602178 (d0, q1, r0, m111, '/v1/cs/hub/info', ... (218 bytes))
I/MQTT    ( 5130): logging.c(325) log__vprintf: Emitting Signal
D/MQTT    ( 5130): logging.c(325) log__vprintf: Sending PUBACK to cs-mqtt-client_2068602178 (m111, rc0)
D/MQTT    ( 5130): logging.c(325) log__vprintf: Sending PUBLISH to cs-mqtt-client_2330768733 (d0, q1, r0, m69, '/v1/cs/hub/info', ... (218 bytes))
D/MQTT    ( 5130): logging.c(325) log__vprintf: Sending PUBLISH to cs-mqtt-client_2635190390 (d0, q1, r0, m39, '/v1/cs/hub/info', ... (218 bytes))
I/MQTT    ( 5113): st-broker-handler.c: on_publish(196) > on_publish callback start
D/MQTT    ( 5130): logging.c(325) log__vprintf: Received PUBACK from cs-mqtt-client_2330768733 (Mid: 69, RC:0)
D/MQTT    ( 5130): logging.c(325) log__vprintf: Received PUBACK from cs-mqtt-client_2635190390 (Mid: 39, RC:0)
D/MQTT    ( 5130): logging.c(325) log__vprintf: Received PUBLISH from cs-mqtt-client_2068602178 (d0, q1, r0, m112, '/v1/cs/hub/info', ... (218 bytes))
I/MQTT    ( 5130): logging.c(325) log__vprintf: Emitting Signal
D/MQTT    ( 5130): logging.c(325) log__vprintf: Sending PUBACK to cs-mqtt-client_2068602178 (m112, rc0)
D/MQTT    ( 5130): logging.c(325) log__vprintf: Sending PUBLISH to cs-mqtt-client_2330768733 (d0, q1, r0, m70, '/v1/cs/hub/info', ... (218 bytes))
D/MQTT    ( 5130): logging.c(325) log__vprintf: Sending PUBLISH to cs-mqtt-client_2635190390 (d0, q1, r0, m40, '/v1/cs/hub/info', ... (218 bytes))
I/MQTT    ( 5113): st-broker-handler.c: on_publish(196) > on_publish callback start
D/MQTT    ( 5130): logging.c(325) log__vprintf: Received PUBACK from cs-mqtt-client_2330768733 (Mid: 70, RC:0)
D/MQTT    ( 5130): logging.c(325) log__vprintf: Received PUBACK from cs-mqtt-client_2635190390 (Mid: 40, RC:0)
D/MQTT    ( 5130): logging.c(325) log__vprintf: Received PUBLISH from cs-mqtt-client_2068602178 (d0, q1, r0, m113, '/v1/cs/hub/info', ... (218 bytes))
I/MQTT    ( 5130): logging.c(325) log__vprintf: Emitting Signal
D/MQTT    ( 5130): logging.c(325) log__vprintf: Sending PUBACK to cs-mqtt-client_2068602178 (m113, rc0)
D/MQTT    ( 5130): logging.c(325) log__vprintf: Sending PUBLISH to cs-mqtt-client_2330768733 (d0, q1, r0, m71, '/v1/cs/hub/info', ... (218 bytes))
D/MQTT    ( 5130): logging.c(325) log__vprintf: Sending PUBLISH to cs-mqtt-client_2635190390 (d0, q1, r0, m41, '/v1/cs/hub/info', ... (218 bytes))
I/MQTT    ( 5113): st-broker-handler.c: on_publish(196) > on_publish callback start
D/MQTT    ( 5130): logging.c(325) log__vprintf: Received PUBACK from cs-mqtt-client_2635190390 (Mid: 41, RC:0)
D/MQTT    ( 5130): logging.c(325) log__vprintf: Received PUBACK from cs-mqtt-client_2330768733 (Mid: 71, RC:0)
D/MQTT    ( 5130): logging.c(325) log__vprintf: Received PUBLISH from cs-mqtt-client_2068602178 (d0, q1, r0, m114, '/v1/cs/hub/info', ... (218 bytes))
I/MQTT    ( 5130): logging.c(325) log__vprintf: Emitting Signal
D/MQTT    ( 5130): logging.c(325) log__vprintf: Sending PUBACK to cs-mqtt-client_2068602178 (m114, rc0)
D/MQTT    ( 5130): logging.c(325) log__vprintf: Sending PUBLISH to cs-mqtt-client_2330768733 (d0, q1, r0, m72, '/v1/cs/hub/info', ... (218 bytes))
D/MQTT    ( 5130): logging.c(325) log__vprintf: Sending PUBLISH to cs-mqtt-client_2635190390 (d0, q1, r0, m42, '/v1/cs/hub/info', ... (218 bytes))
I/MQTT    ( 5113): st-broker-handler.c: on_publish(196) > on_publish callback start
D/MQTT    ( 5130): logging.c(325) log__vprintf: Received PUBACK from cs-mqtt-client_2635190390 (Mid: 42, RC:0)
D/MQTT    ( 5130): logging.c(325) log__vprintf: Received PUBACK from cs-mqtt-client_2330768733 (Mid: 72, RC:0)
D/MQTT    ( 5130): logging.c(325) log__vprintf: Received PUBLISH from cs-mqtt-client_2068602178 (d0, q1, r0, m115, '/v1/cs/hub/info', ... (218 bytes))
I/MQTT    ( 5130): logging.c(325) log__vprintf: Emitting Signal
D/MQTT    ( 5130): logging.c(325) log__vprintf: Sending PUBACK to cs-mqtt-client_2068602178 (m115, rc0)
D/MQTT    ( 5130): logging.c(325) log__vprintf: Sending PUBLISH to cs-mqtt-client_2330768733 (d0, q1, r0, m73, '/v1/cs/hub/info', ... (218 bytes))
D/MQTT    ( 5130): logging.c(325) log__vprintf: Sending PUBLISH to cs-mqtt-client_2635190390 (d0, q1, r0, m43, '/v1/cs/hub/info', ... (218 bytes))
I/MQTT    ( 5113): st-broker-handler.c: on_publish(196) > on_publish callback start
D/MQTT    ( 5130): logging.c(325) log__vprintf: Received PUBACK from cs-mqtt-client_2330768733 (Mid: 73, RC:0)
D/MQTT    ( 5130): logging.c(325) log__vprintf: Received PUBACK from cs-mqtt-client_2635190390 (Mid: 43, RC:0)
D/MQTT    ( 5130): logging.c(325) log__vprintf: Received PUBLISH from cs-mqtt-client_2068602178 (d0, q1, r0, m116, '/v1/cs/hub/info', ... (218 bytes))
I/MQTT    ( 5130): logging.c(325) log__vprintf: Emitting Signal
D/MQTT    ( 5130): logging.c(325) log__vprintf: Sending PUBACK to cs-mqtt-client_2068602178 (m116, rc0)
D/MQTT    ( 5130): logging.c(325) log__vprintf: Sending PUBLISH to cs-mqtt-client_2330768733 (d0, q1, r0, m74, '/v1/cs/hub/info', ... (218 bytes))
D/MQTT    ( 5130): logging.c(325) log__vprintf: Sending PUBLISH to cs-mqtt-client_2635190390 (d0, q1, r0, m44, '/v1/cs/hub/info', ... (218 bytes))
I/MQTT    ( 5113): st-broker-handler.c: on_publish(196) > on_publish callback start
D/MQTT    ( 5130): logging.c(325) log__vprintf: Received PUBACK from cs-mqtt-client_2330768733 (Mid: 74, RC:0)
D/MQTT    ( 5130): logging.c(325) log__vprintf: Received PUBACK from cs-mqtt-client_2635190390 (Mid: 44, RC:0)
D/MQTT    ( 5130): logging.c(325) log__vprintf: Received PUBLISH from cs-mqtt-client_2068602178 (d0, q1, r0, m117, '/v1/cs/hub/info', ... (218 bytes))
I/MQTT    ( 5130): logging.c(325) log__vprintf: Emitting Signal
D/MQTT    ( 5130): logging.c(325) log__vprintf: Sending PUBACK to cs-mqtt-client_2068602178 (m117, rc0)
D/MQTT    ( 5130): logging.c(325) log__vprintf: Sending PUBLISH to cs-mqtt-client_2330768733 (d0, q1, r0, m75, '/v1/cs/hub/info', ... (218 bytes))
D/MQTT    ( 5130): logging.c(325) log__vprintf: Sending PUBLISH to cs-mqtt-client_2635190390 (d0, q1, r0, m45, '/v1/cs/hub/info', ... (218 bytes))
I/MQTT    ( 5113): st-broker-handler.c: on_publish(196) > on_publish callback start
D/MQTT    ( 5130): logging.c(325) log__vprintf: Received PUBACK from cs-mqtt-client_2330768733 (Mid: 75, RC:0)
D/MQTT    ( 5130): logging.c(325) log__vprintf: Received PUBACK from cs-mqtt-client_2635190390 (Mid: 45, RC:0)
D/MQTT    ( 5130): logging.c(325) log__vprintf: Received PUBLISH from cs-mqtt-client_2068602178 (d0, q1, r0, m118, '/v1/cs/hub/info', ... (218 bytes))
I/MQTT    ( 5130): logging.c(325) log__vprintf: Emitting Signal
D/MQTT    ( 5130): logging.c(325) log__vprintf: Sending PUBACK to cs-mqtt-client_2068602178 (m118, rc0)
D/MQTT    ( 5130): logging.c(325) log__vprintf: Sending PUBLISH to cs-mqtt-client_2330768733 (d0, q1, r0, m76, '/v1/cs/hub/info', ... (218 bytes))
D/MQTT    ( 5130): logging.c(325) log__vprintf: Sending PUBLISH to cs-mqtt-client_2635190390 (d0, q1, r0, m46, '/v1/cs/hub/info', ... (218 bytes))
I/MQTT    ( 5113): st-broker-handler.c: on_publish(196) > on_publish callback start
D/MQTT    ( 5130): logging.c(325) log__vprintf: Received PUBACK from cs-mqtt-client_2330768733 (Mid: 76, RC:0)
D/MQTT    ( 5130): logging.c(325) log__vprintf: Received PUBACK from cs-mqtt-client_2635190390 (Mid: 46, RC:0)
D/MQTT    ( 5130): logging.c(325) log__vprintf: Received PUBLISH from cs-mqtt-client_2068602178 (d0, q1, r0, m119, '/v1/cs/hub/info', ... (218 bytes))
I/MQTT    ( 5130): logging.c(325) log__vprintf: Emitting Signal
D/MQTT    ( 5130): logging.c(325) log__vprintf: Sending PUBACK to cs-mqtt-client_2068602178 (m119, rc0)
D/MQTT    ( 5130): logging.c(325) log__vprintf: Sending PUBLISH to cs-mqtt-client_2330768733 (d0, q1, r0, m77, '/v1/cs/hub/info', ... (218 bytes))
D/MQTT    ( 5130): logging.c(325) log__vprintf: Sending PUBLISH to cs-mqtt-client_2635190390 (d0, q1, r0, m47, '/v1/cs/hub/info', ... (218 bytes))
I/MQTT    ( 5113): st-broker-handler.c: on_publish(196) > on_publish callback start
D/MQTT    ( 5130): logging.c(325) log__vprintf: Received PUBACK from cs-mqtt-client_2635190390 (Mid: 47, RC:0)
D/MQTT    ( 5130): logging.c(325) log__vprintf: Received PUBACK from cs-mqtt-client_2330768733 (Mid: 77, RC:0)
D/MQTT    ( 5130): logging.c(325) log__vprintf: Received PUBLISH from cs-mqtt-client_2068602178 (d0, q1, r0, m120, '/v1/cs/hub/info', ... (218 bytes))
I/MQTT    ( 5130): logging.c(325) log__vprintf: Emitting Signal
I/MQTT    ( 5113): st-broker-handler.c: on_publish(196) > on_publish callback start
D/MQTT    ( 5130): INFO: Following log entry could not be sorted and is out of order.
D/MQTT    ( 5130): logging.c(325) log__vprintf: Sending PUBACK to cs-mqtt-client_2068602178 (m120, rc0)
D/MQTT    ( 5130): logging.c(325) log__vprintf: Sending PUBLISH to cs-mqtt-client_2330768733 (d0, q1, r0, m78, '/v1/cs/hub/info', ... (218 bytes))
D/MQTT    ( 5130): logging.c(325) log__vprintf: Sending PUBLISH to cs-mqtt-client_2635190390 (d0, q1, r0, m48, '/v1/cs/hub/info', ... (218 bytes))
D/MQTT    ( 5130): logging.c(325) log__vprintf: Received PUBACK from cs-mqtt-client_2330768733 (Mid: 78, RC:0)
D/MQTT    ( 5130): logging.c(325) log__vprintf: Received PUBACK from cs-mqtt-client_2635190390 (Mid: 48, RC:0)
D/MQTT    ( 5130): logging.c(325) log__vprintf: Received PUBLISH from cs-mqtt-client_2068602178 (d0, q1, r0, m121, '/v1/cs/hub/info', ... (218 bytes))
I/MQTT    ( 5130): logging.c(325) log__vprintf: Emitting Signal
D/MQTT    ( 5130): logging.c(325) log__vprintf: Sending PUBACK to cs-mqtt-client_2068602178 (m121, rc0)
D/MQTT    ( 5130): logging.c(325) log__vprintf: Sending PUBLISH to cs-mqtt-client_2330768733 (d0, q1, r0, m79, '/v1/cs/hub/info', ... (218 bytes))
D/MQTT    ( 5130): logging.c(325) log__vprintf: Sending PUBLISH to cs-mqtt-client_2635190390 (d0, q1, r0, m49, '/v1/cs/hub/info', ... (218 bytes))
I/MQTT    ( 5113): st-broker-handler.c: on_publish(196) > on_publish callback start
D/MQTT    ( 5130): logging.c(325) log__vprintf: Received PUBACK from cs-mqtt-client_2330768733 (Mid: 79, RC:0)
D/MQTT    ( 5130): logging.c(325) log__vprintf: Received PUBACK from cs-mqtt-client_2635190390 (Mid: 49, RC:0)
I/MQTT    ( 5113): st-broker-handler.c: on_publish(196) > on_publish callback start
D/MQTT    ( 5130): INFO: Following log entry could not be sorted and is out of order.
D/MQTT    ( 5130): logging.c(325) log__vprintf: Received PUBLISH from cs-mqtt-client_2068602178 (d0, q1, r0, m122, '/v1/cs/hub/info', ... (218 bytes))
I/MQTT    ( 5130): logging.c(325) log__vprintf: Emitting Signal
D/MQTT    ( 5130): logging.c(325) log__vprintf: Sending PUBACK to cs-mqtt-client_2068602178 (m122, rc0)
D/MQTT    ( 5130): logging.c(325) log__vprintf: Sending PUBLISH to cs-mqtt-client_2330768733 (d0, q1, r0, m80, '/v1/cs/hub/info', ... (218 bytes))
D/MQTT    ( 5130): logging.c(325) log__vprintf: Sending PUBLISH to cs-mqtt-client_2635190390 (d0, q1, r0, m50, '/v1/cs/hub/info', ... (218 bytes))
D/MQTT    ( 5130): logging.c(325) log__vprintf: Received PUBACK from cs-mqtt-client_2635190390 (Mid: 50, RC:0)
D/MQTT    ( 5130): logging.c(325) log__vprintf: Received PUBACK from cs-mqtt-client_2330768733 (Mid: 80, RC:0)
D/MQTT    ( 5130): logging.c(325) log__vprintf: Received PUBLISH from cs-mqtt-client_2068602178 (d0, q1, r0, m123, '/v1/cs/hub/info', ... (218 bytes))
I/MQTT    ( 5130): logging.c(325) log__vprintf: Emitting Signal
D/MQTT    ( 5130): logging.c(325) log__vprintf: Sending PUBACK to cs-mqtt-client_2068602178 (m123, rc0)
D/MQTT    ( 5130): logging.c(325) log__vprintf: Sending PUBLISH to cs-mqtt-client_2330768733 (d0, q1, r0, m81, '/v1/cs/hub/info', ... (218 bytes))
D/MQTT    ( 5130): logging.c(325) log__vprintf: Sending PUBLISH to cs-mqtt-client_2635190390 (d0, q1, r0, m51, '/v1/cs/hub/info', ... (218 bytes))
I/MQTT    ( 5113): st-broker-handler.c: on_publish(196) > on_publish callback start
D/MQTT    ( 5130): logging.c(325) log__vprintf: Received PUBACK from cs-mqtt-client_2330768733 (Mid: 81, RC:0)
D/MQTT    ( 5130): logging.c(325) log__vprintf: Received PUBACK from cs-mqtt-client_2635190390 (Mid: 51, RC:0)
D/MQTT    ( 5130): logging.c(325) log__vprintf: Received PUBLISH from cs-mqtt-client_2068602178 (d0, q1, r0, m124, '/v1/cs/hub/info', ... (218 bytes))
I/MQTT    ( 5130): logging.c(325) log__vprintf: Emitting Signal
D/MQTT    ( 5130): logging.c(325) log__vprintf: Sending PUBACK to cs-mqtt-client_2068602178 (m124, rc0)
D/MQTT    ( 5130): logging.c(325) log__vprintf: Sending PUBLISH to cs-mqtt-client_2330768733 (d0, q1, r0, m82, '/v1/cs/hub/info', ... (218 bytes))
D/MQTT    ( 5130): logging.c(325) log__vprintf: Sending PUBLISH to cs-mqtt-client_2635190390 (d0, q1, r0, m52, '/v1/cs/hub/info', ... (218 bytes))
I/MQTT    ( 5113): st-broker-handler.c: on_publish(196) > on_publish callback start
D/MQTT    ( 5130): logging.c(325) log__vprintf: Received PUBACK from cs-mqtt-client_2635190390 (Mid: 52, RC:0)
D/MQTT    ( 5130): logging.c(325) log__vprintf: Received PUBACK from cs-mqtt-client_2330768733 (Mid: 82, RC:0)
D/MQTT    ( 5130): logging.c(325) log__vprintf: Received PUBLISH from cs-mqtt-client_2068602178 (d0, q1, r0, m125, '/v1/cs/hub/info', ... (218 bytes))
I/MQTT    ( 5130): logging.c(325) log__vprintf: Emitting Signal
D/MQTT    ( 5130): logging.c(325) log__vprintf: Sending PUBACK to cs-mqtt-client_2068602178 (m125, rc0)
D/MQTT    ( 5130): logging.c(325) log__vprintf: Sending PUBLISH to cs-mqtt-client_2330768733 (d0, q1, r0, m83, '/v1/cs/hub/info', ... (218 bytes))
D/MQTT    ( 5130): logging.c(325) log__vprintf: Sending PUBLISH to cs-mqtt-client_2635190390 (d0, q1, r0, m53, '/v1/cs/hub/info', ... (218 bytes))
I/MQTT    ( 5113): st-broker-handler.c: on_publish(196) > on_publish callback start
D/MQTT    ( 5130): logging.c(325) log__vprintf: Received PUBACK from cs-mqtt-client_2635190390 (Mid: 53, RC:0)
D/MQTT    ( 5130): logging.c(325) log__vprintf: Received PUBACK from cs-mqtt-client_2330768733 (Mid: 83, RC:0)
D/MQTT    ( 5130): logging.c(325) log__vprintf: Received PUBLISH from cs-mqtt-client_2068602178 (d0, q1, r0, m126, '/v1/cs/hub/info', ... (218 bytes))
I/MQTT    ( 5130): logging.c(325) log__vprintf: Emitting Signal
I/MQTT    ( 5113): st-broker-handler.c: on_publish(196) > on_publish callback start
D/MQTT    ( 5130): logging.c(325) log__vprintf: Sending PUBACK to cs-mqtt-client_2068602178 (m126, rc0)
D/MQTT    ( 5130): logging.c(325) log__vprintf: Sending PUBLISH to cs-mqtt-client_2330768733 (d0, q1, r0, m84, '/v1/cs/hub/info', ... (218 bytes))
D/MQTT    ( 5130): logging.c(325) log__vprintf: Sending PUBLISH to cs-mqtt-client_2635190390 (d0, q1, r0, m54, '/v1/cs/hub/info', ... (218 bytes))
D/MQTT    ( 5130): logging.c(325) log__vprintf: Received PUBACK from cs-mqtt-client_2635190390 (Mid: 54, RC:0)
D/MQTT    ( 5130): logging.c(325) log__vprintf: Received PUBACK from cs-mqtt-client_2330768733 (Mid: 84, RC:0)
I/MQTT    ( 5113): st-broker-handler.c: on_publish(196) > on_publish callback start
D/MQTT    ( 5130): INFO: Following log entry could not be sorted and is out of order.
D/MQTT    ( 5130): logging.c(325) log__vprintf: Received PUBLISH from cs-mqtt-client_2068602178 (d0, q1, r0, m127, '/v1/cs/hub/info', ... (218 bytes))
I/MQTT    ( 5130): logging.c(325) log__vprintf: Emitting Signal
D/MQTT    ( 5130): logging.c(325) log__vprintf: Sending PUBACK to cs-mqtt-client_2068602178 (m127, rc0)
D/MQTT    ( 5130): logging.c(325) log__vprintf: Sending PUBLISH to cs-mqtt-client_2330768733 (d0, q1, r0, m85, '/v1/cs/hub/info', ... (218 bytes))
D/MQTT    ( 5130): logging.c(325) log__vprintf: Sending PUBLISH to cs-mqtt-client_2635190390 (d0, q1, r0, m55, '/v1/cs/hub/info', ... (218 bytes))
D/MQTT    ( 5130): logging.c(325) log__vprintf: Received PUBACK from cs-mqtt-client_2330768733 (Mid: 85, RC:0)
D/MQTT    ( 5130): logging.c(325) log__vprintf: Received PUBACK from cs-mqtt-client_2635190390 (Mid: 55, RC:0)
D/MQTT    ( 5130): logging.c(325) log__vprintf: Received PUBLISH from cs-mqtt-client_2068602178 (d0, q1, r0, m128, '/v1/cs/hub/info', ... (218 bytes))
I/MQTT    ( 5130): logging.c(325) log__vprintf: Emitting Signal
I/MQTT    ( 5113): st-broker-handler.c: on_publish(196) > on_publish callback start
D/MQTT    ( 5130): logging.c(325) log__vprintf: Sending PUBACK to cs-mqtt-client_2068602178 (m128, rc0)
D/MQTT    ( 5130): logging.c(325) log__vprintf: Sending PUBLISH to cs-mqtt-client_2330768733 (d0, q1, r0, m86, '/v1/cs/hub/info', ... (218 bytes))
D/MQTT    ( 5130): logging.c(325) log__vprintf: Sending PUBLISH to cs-mqtt-client_2635190390 (d0, q1, r0, m56, '/v1/cs/hub/info', ... (218 bytes))
D/MQTT    ( 5130): logging.c(325) log__vprintf: Received PUBACK from cs-mqtt-client_2330768733 (Mid: 86, RC:0)
D/MQTT    ( 5130): logging.c(325) log__vprintf: Received PUBACK from cs-mqtt-client_2635190390 (Mid: 56, RC:0)
D/MQTT    ( 5130): logging.c(325) log__vprintf: Received PUBLISH from cs-mqtt-client_2068602178 (d0, q1, r0, m129, '/v1/cs/hub/info', ... (218 bytes))
I/MQTT    ( 5130): logging.c(325) log__vprintf: Emitting Signal
D/MQTT    ( 5130): logging.c(325) log__vprintf: Sending PUBACK to cs-mqtt-client_2068602178 (m129, rc0)
D/MQTT    ( 5130): logging.c(325) log__vprintf: Sending PUBLISH to cs-mqtt-client_2330768733 (d0, q1, r0, m87, '/v1/cs/hub/info', ... (218 bytes))
D/MQTT    ( 5130): logging.c(325) log__vprintf: Sending PUBLISH to cs-mqtt-client_2635190390 (d0, q1, r0, m57, '/v1/cs/hub/info', ... (218 bytes))
I/MQTT    ( 5113): st-broker-handler.c: on_publish(196) > on_publish callback start
D/MQTT    ( 5130): logging.c(325) log__vprintf: Received PUBACK from cs-mqtt-client_2330768733 (Mid: 87, RC:0)
D/MQTT    ( 5130): logging.c(325) log__vprintf: Received PUBACK from cs-mqtt-client_2635190390 (Mid: 57, RC:0)
D/MQTT    ( 5130): logging.c(325) log__vprintf: Received PUBLISH from cs-mqtt-client_2068602178 (d0, q1, r0, m130, '/v1/cs/hub/info', ... (218 bytes))
I/MQTT    ( 5130): logging.c(325) log__vprintf: Emitting Signal
I/MQTT    ( 5113): st-broker-handler.c: on_publish(196) > on_publish callback start
D/MQTT    ( 5130): logging.c(325) log__vprintf: Sending PUBACK to cs-mqtt-client_2068602178 (m130, rc0)
D/MQTT    ( 5130): logging.c(325) log__vprintf: Sending PUBLISH to cs-mqtt-client_2330768733 (d0, q1, r0, m88, '/v1/cs/hub/info', ... (218 bytes))
D/MQTT    ( 5130): logging.c(325) log__vprintf: Sending PUBLISH to cs-mqtt-client_2635190390 (d0, q1, r0, m58, '/v1/cs/hub/info', ... (218 bytes))
D/MQTT    ( 5130): logging.c(325) log__vprintf: Received PUBACK from cs-mqtt-client_2330768733 (Mid: 88, RC:0)
D/MQTT    ( 5130): logging.c(325) log__vprintf: Received PUBACK from cs-mqtt-client_2635190390 (Mid: 58, RC:0)
D/MQTT    ( 5130): logging.c(325) log__vprintf: Received PUBLISH from cs-mqtt-client_2068602178 (d0, q1, r0, m131, '/v1/cs/hub/info', ... (218 bytes))
I/MQTT    ( 5130): logging.c(325) log__vprintf: Emitting Signal
D/MQTT    ( 5130): logging.c(325) log__vprintf: Sending PUBACK to cs-mqtt-client_2068602178 (m131, rc0)
D/MQTT    ( 5130): logging.c(325) log__vprintf: Sending PUBLISH to cs-mqtt-client_2330768733 (d0, q1, r0, m89, '/v1/cs/hub/info', ... (218 bytes))
D/MQTT    ( 5130): logging.c(325) log__vprintf: Sending PUBLISH to cs-mqtt-client_2635190390 (d0, q1, r0, m59, '/v1/cs/hub/info', ... (218 bytes))
I/MQTT    ( 5113): st-broker-handler.c: on_publish(196) > on_publish callback start
D/MQTT    ( 5130): logging.c(325) log__vprintf: Received PUBACK from cs-mqtt-client_2330768733 (Mid: 89, RC:0)
D/MQTT    ( 5130): logging.c(325) log__vprintf: Received PUBACK from cs-mqtt-client_2635190390 (Mid: 59, RC:0)
D/MQTT    ( 5130): logging.c(325) log__vprintf: Received PUBLISH from cs-mqtt-client_2068602178 (d0, q1, r0, m132, '/v1/cs/hub/info', ... (218 bytes))
I/MQTT    ( 5130): logging.c(325) log__vprintf: Emitting Signal
I/MQTT    ( 5113): st-broker-handler.c: on_publish(196) > on_publish callback start
D/MQTT    ( 5130): logging.c(325) log__vprintf: Sending PUBACK to cs-mqtt-client_2068602178 (m132, rc0)
D/MQTT    ( 5130): logging.c(325) log__vprintf: Sending PUBLISH to cs-mqtt-client_2330768733 (d0, q1, r0, m90, '/v1/cs/hub/info', ... (218 bytes))
D/MQTT    ( 5130): logging.c(325) log__vprintf: Sending PUBLISH to cs-mqtt-client_2635190390 (d0, q1, r0, m60, '/v1/cs/hub/info', ... (218 bytes))
D/MQTT    ( 5130): logging.c(325) log__vprintf: Received PUBACK from cs-mqtt-client_2330768733 (Mid: 90, RC:0)
D/MQTT    ( 5130): logging.c(325) log__vprintf: Received PUBACK from cs-mqtt-client_2635190390 (Mid: 60, RC:0)
D/MQTT    ( 5130): logging.c(325) log__vprintf: Received PUBLISH from cs-mqtt-client_2068602178 (d0, q1, r0, m133, '/v1/cs/hub/info', ... (218 bytes))
I/MQTT    ( 5130): logging.c(325) log__vprintf: Emitting Signal
D/MQTT    ( 5130): logging.c(325) log__vprintf: Sending PUBACK to cs-mqtt-client_2068602178 (m133, rc0)
D/MQTT    ( 5130): logging.c(325) log__vprintf: Sending PUBLISH to cs-mqtt-client_2330768733 (d0, q1, r0, m91, '/v1/cs/hub/info', ... (218 bytes))
D/MQTT    ( 5130): logging.c(325) log__vprintf: Sending PUBLISH to cs-mqtt-client_2635190390 (d0, q1, r0, m61, '/v1/cs/hub/info', ... (218 bytes))
I/MQTT    ( 5113): st-broker-handler.c: on_publish(196) > on_publish callback start
D/MQTT    ( 5130): logging.c(325) log__vprintf: Received PUBACK from cs-mqtt-client_2330768733 (Mid: 91, RC:0)
D/MQTT    ( 5130): logging.c(325) log__vprintf: Received PUBACK from cs-mqtt-client_2635190390 (Mid: 61, RC:0)
D/MQTT    ( 5130): logging.c(325) log__vprintf: Received PUBLISH from cs-mqtt-client_2068602178 (d0, q1, r0, m134, '/v1/cs/hub/info', ... (218 bytes))
I/MQTT    ( 5130): logging.c(325) log__vprintf: Emitting Signal
D/MQTT    ( 5130): logging.c(325) log__vprintf: Sending PUBACK to cs-mqtt-client_2068602178 (m134, rc0)
D/MQTT    ( 5130): logging.c(325) log__vprintf: Sending PUBLISH to cs-mqtt-client_2330768733 (d0, q1, r0, m92, '/v1/cs/hub/info', ... (218 bytes))
D/MQTT    ( 5130): logging.c(325) log__vprintf: Sending PUBLISH to cs-mqtt-client_2635190390 (d0, q1, r0, m62, '/v1/cs/hub/info', ... (218 bytes))
I/MQTT    ( 5113): st-broker-handler.c: on_publish(196) > on_publish callback start
D/MQTT    ( 5130): logging.c(325) log__vprintf: Received PUBACK from cs-mqtt-client_2635190390 (Mid: 62, RC:0)
D/MQTT    ( 5130): logging.c(325) log__vprintf: Received PUBACK from cs-mqtt-client_2330768733 (Mid: 92, RC:0)
D/MQTT    ( 5130): logging.c(325) log__vprintf: Received PUBLISH from cs-mqtt-client_2068602178 (d0, q1, r0, m135, '/v1/cs/hub/info', ... (218 bytes))
I/MQTT    ( 5130): logging.c(325) log__vprintf: Emitting Signal
D/MQTT    ( 5130): logging.c(325) log__vprintf: Sending PUBACK to cs-mqtt-client_2068602178 (m135, rc0)
D/MQTT    ( 5130): logging.c(325) log__vprintf: Sending PUBLISH to cs-mqtt-client_2330768733 (d0, q1, r0, m93, '/v1/cs/hub/info', ... (218 bytes))
D/MQTT    ( 5130): logging.c(325) log__vprintf: Sending PUBLISH to cs-mqtt-client_2635190390 (d0, q1, r0, m63, '/v1/cs/hub/info', ... (218 bytes))
I/MQTT    ( 5113): st-broker-handler.c: on_publish(196) > on_publish callback start
D/MQTT    ( 5130): logging.c(325) log__vprintf: Received PUBACK from cs-mqtt-client_2330768733 (Mid: 93, RC:0)
D/MQTT    ( 5130): logging.c(325) log__vprintf: Received PUBACK from cs-mqtt-client_2635190390 (Mid: 63, RC:0)
D/MQTT    ( 5130): logging.c(325) log__vprintf: Received PUBLISH from cs-mqtt-client_2068602178 (d0, q1, r0, m136, '/v1/cs/hub/info', ... (218 bytes))
I/MQTT    ( 5130): logging.c(325) log__vprintf: Emitting Signal
D/MQTT    ( 5130): logging.c(325) log__vprintf: Sending PUBACK to cs-mqtt-client_2068602178 (m136, rc0)
D/MQTT    ( 5130): logging.c(325) log__vprintf: Sending PUBLISH to cs-mqtt-client_2330768733 (d0, q1, r0, m94, '/v1/cs/hub/info', ... (218 bytes))
I/MQTT    ( 5113): st-broker-handler.c: on_publish(196) > on_publish callback start
D/MQTT    ( 5130): logging.c(325) log__vprintf: Sending PUBLISH to cs-mqtt-client_2635190390 (d0, q1, r0, m64, '/v1/cs/hub/info', ... (218 bytes))
D/MQTT    ( 5130): logging.c(325) log__vprintf: Received PUBACK from cs-mqtt-client_2635190390 (Mid: 64, RC:0)
D/MQTT    ( 5130): logging.c(325) log__vprintf: Received PUBACK from cs-mqtt-client_2330768733 (Mid: 94, RC:0)
D/MQTT    ( 5130): logging.c(325) log__vprintf: Received PUBLISH from cs-mqtt-client_2068602178 (d0, q1, r0, m137, '/v1/cs/hub/info', ... (218 bytes))
I/MQTT    ( 5130): logging.c(325) log__vprintf: Emitting Signal
D/MQTT    ( 5130): logging.c(325) log__vprintf: Sending PUBACK to cs-mqtt-client_2068602178 (m137, rc0)
D/MQTT    ( 5130): logging.c(325) log__vprintf: Sending PUBLISH to cs-mqtt-client_2330768733 (d0, q1, r0, m95, '/v1/cs/hub/info', ... (218 bytes))
D/MQTT    ( 5130): logging.c(325) log__vprintf: Sending PUBLISH to cs-mqtt-client_2635190390 (d0, q1, r0, m65, '/v1/cs/hub/info', ... (218 bytes))
I/MQTT    ( 5113): st-broker-handler.c: on_publish(196) > on_publish callback start
D/MQTT    ( 5130): logging.c(325) log__vprintf: Received PUBACK from cs-mqtt-client_2635190390 (Mid: 65, RC:0)
D/MQTT    ( 5130): logging.c(325) log__vprintf: Received PUBACK from cs-mqtt-client_2330768733 (Mid: 95, RC:0)
D/MQTT    ( 5130): logging.c(325) log__vprintf: Received PUBLISH from cs-mqtt-client_2068602178 (d0, q1, r0, m138, '/v1/cs/hub/info', ... (218 bytes))
I/MQTT    ( 5130): logging.c(325) log__vprintf: Emitting Signal
D/MQTT    ( 5130): logging.c(325) log__vprintf: Sending PUBACK to cs-mqtt-client_2068602178 (m138, rc0)
D/MQTT    ( 5130): logging.c(325) log__vprintf: Sending PUBLISH to cs-mqtt-client_2330768733 (d0, q1, r0, m96, '/v1/cs/hub/info', ... (218 bytes))
D/MQTT    ( 5130): logging.c(325) log__vprintf: Sending PUBLISH to cs-mqtt-client_2635190390 (d0, q1, r0, m66, '/v1/cs/hub/info', ... (218 bytes))
I/MQTT    ( 5113): st-broker-handler.c: on_publish(196) > on_publish callback start
D/MQTT    ( 5130): logging.c(325) log__vprintf: Received PUBACK from cs-mqtt-client_2330768733 (Mid: 96, RC:0)
D/MQTT    ( 5130): logging.c(325) log__vprintf: Received PUBACK from cs-mqtt-client_2635190390 (Mid: 66, RC:0)
D/MQTT    ( 5130): logging.c(325) log__vprintf: Received PINGREQ from mosq-zPPbdjAYU6NiA0RNJn
D/MQTT    ( 5130): logging.c(325) log__vprintf: Sending PINGRESP to mosq-zPPbdjAYU6NiA0RNJn
D/MQTT    ( 5130): logging.c(325) log__vprintf: Received PUBLISH from cs-mqtt-client_2068602178 (d0, q1, r0, m139, '/v1/cs/hub/info', ... (218 bytes))
I/MQTT    ( 5130): logging.c(325) log__vprintf: Emitting Signal
D/MQTT    ( 5130): logging.c(325) log__vprintf: Sending PUBACK to cs-mqtt-client_2068602178 (m139, rc0)
D/MQTT    ( 5130): logging.c(325) log__vprintf: Sending PUBLISH to cs-mqtt-client_2330768733 (d0, q1, r0, m97, '/v1/cs/hub/info', ... (218 bytes))
I/MQTT    ( 5113): st-broker-handler.c: on_publish(196) > on_publish callback start
D/MQTT    ( 5130): logging.c(325) log__vprintf: Sending PUBLISH to cs-mqtt-client_2635190390 (d0, q1, r0, m67, '/v1/cs/hub/info', ... (218 bytes))
D/MQTT    ( 5130): logging.c(325) log__vprintf: Received PUBACK from cs-mqtt-client_2330768733 (Mid: 97, RC:0)
D/MQTT    ( 5130): logging.c(325) log__vprintf: Received PUBACK from cs-mqtt-client_2635190390 (Mid: 67, RC:0)
I/MQTT    ( 5113): st-broker-handler.c: on_publish(196) > on_publish callback start
D/MQTT    ( 5130): INFO: Following log entry could not be sorted and is out of order.
D/MQTT    ( 5130): logging.c(325) log__vprintf: Received PUBLISH from cs-mqtt-client_2068602178 (d0, q1, r0, m140, '/v1/cs/hub/info', ... (218 bytes))
I/MQTT    ( 5130): logging.c(325) log__vprintf: Emitting Signal
D/MQTT    ( 5130): logging.c(325) log__vprintf: Sending PUBACK to cs-mqtt-client_2068602178 (m140, rc0)
D/MQTT    ( 5130): logging.c(325) log__vprintf: Sending PUBLISH to cs-mqtt-client_2330768733 (d0, q1, r0, m98, '/v1/cs/hub/info', ... (218 bytes))
D/MQTT    ( 5130): logging.c(325) log__vprintf: Sending PUBLISH to cs-mqtt-client_2635190390 (d0, q1, r0, m68, '/v1/cs/hub/info', ... (218 bytes))
D/MQTT    ( 5130): logging.c(325) log__vprintf: Received PUBACK from cs-mqtt-client_2330768733 (Mid: 98, RC:0)
D/MQTT    ( 5130): logging.c(325) log__vprintf: Received PUBACK from cs-mqtt-client_2635190390 (Mid: 68, RC:0)
D/MQTT    ( 5130): logging.c(325) log__vprintf: Received PUBLISH from cs-mqtt-client_2068602178 (d0, q1, r0, m141, '/v1/cs/hub/info', ... (218 bytes))
I/MQTT    ( 5130): logging.c(325) log__vprintf: Emitting Signal
D/MQTT    ( 5130): logging.c(325) log__vprintf: Sending PUBACK to cs-mqtt-client_2068602178 (m141, rc0)
D/MQTT    ( 5130): logging.c(325) log__vprintf: Sending PUBLISH to cs-mqtt-client_2330768733 (d0, q1, r0, m99, '/v1/cs/hub/info', ... (218 bytes))
D/MQTT    ( 5130): logging.c(325) log__vprintf: Sending PUBLISH to cs-mqtt-client_2635190390 (d0, q1, r0, m69, '/v1/cs/hub/info', ... (218 bytes))
I/MQTT    ( 5113): st-broker-handler.c: on_publish(196) > on_publish callback start
D/MQTT    ( 5130): logging.c(325) log__vprintf: Received PUBACK from cs-mqtt-client_2330768733 (Mid: 99, RC:0)
D/MQTT    ( 5130): logging.c(325) log__vprintf: Received PUBACK from cs-mqtt-client_2635190390 (Mid: 69, RC:0)
D/MQTT    ( 5130): logging.c(325) log__vprintf: Received PUBLISH from cs-mqtt-client_2068602178 (d0, q1, r0, m142, '/v1/cs/hub/info', ... (218 bytes))
I/MQTT    ( 5130): logging.c(325) log__vprintf: Emitting Signal
D/MQTT    ( 5130): logging.c(325) log__vprintf: Sending PUBACK to cs-mqtt-client_2068602178 (m142, rc0)
D/MQTT    ( 5130): logging.c(325) log__vprintf: Sending PUBLISH to cs-mqtt-client_2330768733 (d0, q1, r0, m100, '/v1/cs/hub/info', ... (218 bytes))
D/MQTT    ( 5130): logging.c(325) log__vprintf: Sending PUBLISH to cs-mqtt-client_2635190390 (d0, q1, r0, m70, '/v1/cs/hub/info', ... (218 bytes))
I/MQTT    ( 5113): st-broker-handler.c: on_publish(196) > on_publish callback start
D/MQTT    ( 5130): logging.c(325) log__vprintf: Received PUBACK from cs-mqtt-client_2330768733 (Mid: 100, RC:0)
D/MQTT    ( 5130): logging.c(325) log__vprintf: Received PUBACK from cs-mqtt-client_2635190390 (Mid: 70, RC:0)
I/MQTT    ( 5113): st-broker-handler.c: on_publish(196) > on_publish callback start
D/MQTT    ( 5130): INFO: Following log entry could not be sorted and is out of order.
D/MQTT    ( 5130): logging.c(325) log__vprintf: Received PUBLISH from cs-mqtt-client_2068602178 (d0, q1, r0, m143, '/v1/cs/hub/info', ... (218 bytes))
I/MQTT    ( 5130): logging.c(325) log__vprintf: Emitting Signal
D/MQTT    ( 5130): logging.c(325) log__vprintf: Sending PUBACK to cs-mqtt-client_2068602178 (m143, rc0)
D/MQTT    ( 5130): logging.c(325) log__vprintf: Sending PUBLISH to cs-mqtt-client_2330768733 (d0, q1, r0, m101, '/v1/cs/hub/info', ... (218 bytes))
D/MQTT    ( 5130): logging.c(325) log__vprintf: Sending PUBLISH to cs-mqtt-client_2635190390 (d0, q1, r0, m71, '/v1/cs/hub/info', ... (218 bytes))
D/MQTT    ( 5130): logging.c(325) log__vprintf: Received PUBACK from cs-mqtt-client_2330768733 (Mid: 101, RC:0)
D/MQTT    ( 5130): logging.c(325) log__vprintf: Received PUBACK from cs-mqtt-client_2635190390 (Mid: 71, RC:0)
D/MQTT    ( 5130): logging.c(325) log__vprintf: Received PUBLISH from cs-mqtt-client_2068602178 (d0, q1, r0, m144, '/v1/cs/hub/info', ... (218 bytes))
I/MQTT    ( 5130): logging.c(325) log__vprintf: Emitting Signal
D/MQTT    ( 5130): logging.c(325) log__vprintf: Sending PUBACK to cs-mqtt-client_2068602178 (m144, rc0)
D/MQTT    ( 5130): logging.c(325) log__vprintf: Sending PUBLISH to cs-mqtt-client_2330768733 (d0, q1, r0, m102, '/v1/cs/hub/info', ... (218 bytes))
D/MQTT    ( 5130): logging.c(325) log__vprintf: Sending PUBLISH to cs-mqtt-client_2635190390 (d0, q1, r0, m72, '/v1/cs/hub/info', ... (218 bytes))
I/MQTT    ( 5113): st-broker-handler.c: on_publish(196) > on_publish callback start
D/MQTT    ( 5130): logging.c(325) log__vprintf: Received PUBACK from cs-mqtt-client_2330768733 (Mid: 102, RC:0)
D/MQTT    ( 5130): logging.c(325) log__vprintf: Received PUBACK from cs-mqtt-client_2635190390 (Mid: 72, RC:0)
D/MQTT    ( 5130): logging.c(325) log__vprintf: Received PUBLISH from cs-mqtt-client_2068602178 (d0, q1, r0, m145, '/v1/cs/hub/info', ... (218 bytes))
I/MQTT    ( 5130): logging.c(325) log__vprintf: Emitting Signal
D/MQTT    ( 5130): logging.c(325) log__vprintf: Sending PUBACK to cs-mqtt-client_2068602178 (m145, rc0)
D/MQTT    ( 5130): logging.c(325) log__vprintf: Sending PUBLISH to cs-mqtt-client_2330768733 (d0, q1, r0, m103, '/v1/cs/hub/info', ... (218 bytes))
D/MQTT    ( 5130): logging.c(325) log__vprintf: Sending PUBLISH to cs-mqtt-client_2635190390 (d0, q1, r0, m73, '/v1/cs/hub/info', ... (218 bytes))
I/MQTT    ( 5113): st-broker-handler.c: on_publish(196) > on_publish callback start
D/MQTT    ( 5130): logging.c(325) log__vprintf: Received PUBACK from cs-mqtt-client_2635190390 (Mid: 73, RC:0)
D/MQTT    ( 5130): logging.c(325) log__vprintf: Received PUBACK from cs-mqtt-client_2330768733 (Mid: 103, RC:0)
D/MQTT    ( 5130): logging.c(325) log__vprintf: Received PUBLISH from cs-mqtt-client_2068602178 (d0, q1, r0, m146, '/v1/cs/hub/info', ... (218 bytes))
I/MQTT    ( 5130): logging.c(325) log__vprintf: Emitting Signal
D/MQTT    ( 5130): logging.c(325) log__vprintf: Sending PUBACK to cs-mqtt-client_2068602178 (m146, rc0)
D/MQTT    ( 5130): logging.c(325) log__vprintf: Sending PUBLISH to cs-mqtt-client_2330768733 (d0, q1, r0, m104, '/v1/cs/hub/info', ... (218 bytes))
D/MQTT    ( 5130): logging.c(325) log__vprintf: Sending PUBLISH to cs-mqtt-client_2635190390 (d0, q1, r0, m74, '/v1/cs/hub/info', ... (218 bytes))
I/MQTT    ( 5113): st-broker-handler.c: on_publish(196) > on_publish callback start
D/MQTT    ( 5130): logging.c(325) log__vprintf: Received PUBACK from cs-mqtt-client_2330768733 (Mid: 104, RC:0)
D/MQTT    ( 5130): logging.c(325) log__vprintf: Received PUBACK from cs-mqtt-client_2635190390 (Mid: 74, RC:0)
D/MQTT    ( 5130): logging.c(325) log__vprintf: Received PUBLISH from cs-mqtt-client_2068602178 (d0, q1, r0, m147, '/v1/cs/hub/info', ... (218 bytes))
I/MQTT    ( 5130): logging.c(325) log__vprintf: Emitting Signal
D/MQTT    ( 5130): logging.c(325) log__vprintf: Sending PUBACK to cs-mqtt-client_2068602178 (m147, rc0)
D/MQTT    ( 5130): logging.c(325) log__vprintf: Sending PUBLISH to cs-mqtt-client_2330768733 (d0, q1, r0, m105, '/v1/cs/hub/info', ... (218 bytes))
D/MQTT    ( 5130): logging.c(325) log__vprintf: Sending PUBLISH to cs-mqtt-client_2635190390 (d0, q1, r0, m75, '/v1/cs/hub/info', ... (218 bytes))
I/MQTT    ( 5113): st-broker-handler.c: on_publish(196) > on_publish callback start
D/MQTT    ( 5130): logging.c(325) log__vprintf: Received PUBACK from cs-mqtt-client_2330768733 (Mid: 105, RC:0)
D/MQTT    ( 5130): logging.c(325) log__vprintf: Received PUBACK from cs-mqtt-client_2635190390 (Mid: 75, RC:0)
D/MQTT    ( 5130): logging.c(325) log__vprintf: Received PUBLISH from cs-mqtt-client_2068602178 (d0, q1, r0, m148, '/v1/cs/hub/info', ... (218 bytes))
I/MQTT    ( 5130): logging.c(325) log__vprintf: Emitting Signal
D/MQTT    ( 5130): logging.c(325) log__vprintf: Sending PUBACK to cs-mqtt-client_2068602178 (m148, rc0)
D/MQTT    ( 5130): logging.c(325) log__vprintf: Sending PUBLISH to cs-mqtt-client_2330768733 (d0, q1, r0, m106, '/v1/cs/hub/info', ... (218 bytes))
D/MQTT    ( 5130): logging.c(325) log__vprintf: Sending PUBLISH to cs-mqtt-client_2635190390 (d0, q1, r0, m76, '/v1/cs/hub/info', ... (218 bytes))
I/MQTT    ( 5113): st-broker-handler.c: on_publish(196) > on_publish callback start
D/MQTT    ( 5130): logging.c(325) log__vprintf: Received PUBACK from cs-mqtt-client_2330768733 (Mid: 106, RC:0)
D/MQTT    ( 5130): logging.c(325) log__vprintf: Received PUBACK from cs-mqtt-client_2635190390 (Mid: 76, RC:0)
D/MQTT    ( 5130): logging.c(325) log__vprintf: Received PUBLISH from cs-mqtt-client_2068602178 (d0, q1, r0, m149, '/v1/cs/hub/info', ... (218 bytes))
I/MQTT    ( 5130): logging.c(325) log__vprintf: Emitting Signal
D/MQTT    ( 5130): logging.c(325) log__vprintf: Sending PUBACK to cs-mqtt-client_2068602178 (m149, rc0)
